Archive member included because of file (symbol)

f:/programy/truestudio for arm lite 5.0.0/armtools/bin/../lib/gcc/arm-atollic-eabi/4.7.3/../../../../arm-atollic-eabi/lib/armv7e-m/fpu\libc_s.a(lib_a-init.o)
                              src\startup_stm32f40xx.o (__libc_init_array)
f:/programy/truestudio for arm lite 5.0.0/armtools/bin/../lib/gcc/arm-atollic-eabi/4.7.3/../../../../arm-atollic-eabi/lib/armv7e-m/fpu\libc_s.a(lib_a-strcat.o)
                              src\main.o (strcat)
f:/programy/truestudio for arm lite 5.0.0/armtools/bin/../lib/gcc/arm-atollic-eabi/4.7.3/../../../../arm-atollic-eabi/lib/armv7e-m/fpu\libc_s.a(lib_a-strlen.o)
                              src\tiny_printf.o (strlen)
f:/programy/truestudio for arm lite 5.0.0/armtools/bin/../lib/gcc/arm-atollic-eabi/4.7.3/../../../../arm-atollic-eabi/lib/armv7e-m/fpu\libc_s.a(lib_a-syscalls.o)
                              src\tiny_printf.o (_write)
f:/programy/truestudio for arm lite 5.0.0/armtools/bin/../lib/gcc/arm-atollic-eabi/4.7.3/../../../../arm-atollic-eabi/lib/armv7e-m/fpu\libc_s.a(lib_a-reent.o)
                              f:/programy/truestudio for arm lite 5.0.0/armtools/bin/../lib/gcc/arm-atollic-eabi/4.7.3/../../../../arm-atollic-eabi/lib/armv7e-m/fpu\libc_s.a(lib_a-syscalls.o) (errno)
f:/programy/truestudio for arm lite 5.0.0/armtools/bin/../lib/gcc/arm-atollic-eabi/4.7.3/../../../../arm-atollic-eabi/lib/armv7e-m/fpu\libc_s.a(lib_a-freer.o)
                              f:/programy/truestudio for arm lite 5.0.0/armtools/bin/../lib/gcc/arm-atollic-eabi/4.7.3/../../../../arm-atollic-eabi/lib/armv7e-m/fpu\libc_s.a(lib_a-reent.o) (_free_r)
f:/programy/truestudio for arm lite 5.0.0/armtools/bin/../lib/gcc/arm-atollic-eabi/4.7.3/../../../../arm-atollic-eabi/lib/armv7e-m/fpu\libc_s.a(lib_a-impure.o)
                              f:/programy/truestudio for arm lite 5.0.0/armtools/bin/../lib/gcc/arm-atollic-eabi/4.7.3/../../../../arm-atollic-eabi/lib/armv7e-m/fpu\libc_s.a(lib_a-reent.o) (_impure_ptr)
f:/programy/truestudio for arm lite 5.0.0/armtools/bin/../lib/gcc/arm-atollic-eabi/4.7.3/../../../../arm-atollic-eabi/lib/armv7e-m/fpu\libc_s.a(lib_a-mallocr.o)
                              f:/programy/truestudio for arm lite 5.0.0/armtools/bin/../lib/gcc/arm-atollic-eabi/4.7.3/../../../../arm-atollic-eabi/lib/armv7e-m/fpu\libc_s.a(lib_a-freer.o) (__malloc_free_list)
f:/programy/truestudio for arm lite 5.0.0/armtools/bin/../lib/gcc/arm-atollic-eabi/4.7.3/../../../../arm-atollic-eabi/lib/armv7e-m/fpu\libc_s.a(lib_a-sbrkr.o)
                              f:/programy/truestudio for arm lite 5.0.0/armtools/bin/../lib/gcc/arm-atollic-eabi/4.7.3/../../../../arm-atollic-eabi/lib/armv7e-m/fpu\libc_s.a(lib_a-mallocr.o) (_sbrk_r)
f:/programy/truestudio for arm lite 5.0.0/armtools/bin/../lib/gcc/arm-atollic-eabi/4.7.3/../../../../arm-atollic-eabi/lib/armv7e-m/fpu\libm.a(lib_a-w_pow.o)
                              src\main.o (pow)
f:/programy/truestudio for arm lite 5.0.0/armtools/bin/../lib/gcc/arm-atollic-eabi/4.7.3/../../../../arm-atollic-eabi/lib/armv7e-m/fpu\libm.a(lib_a-e_pow.o)
                              f:/programy/truestudio for arm lite 5.0.0/armtools/bin/../lib/gcc/arm-atollic-eabi/4.7.3/../../../../arm-atollic-eabi/lib/armv7e-m/fpu\libm.a(lib_a-w_pow.o) (__ieee754_pow)
f:/programy/truestudio for arm lite 5.0.0/armtools/bin/../lib/gcc/arm-atollic-eabi/4.7.3/../../../../arm-atollic-eabi/lib/armv7e-m/fpu\libm.a(lib_a-e_sqrt.o)
                              f:/programy/truestudio for arm lite 5.0.0/armtools/bin/../lib/gcc/arm-atollic-eabi/4.7.3/../../../../arm-atollic-eabi/lib/armv7e-m/fpu\libm.a(lib_a-e_pow.o) (__ieee754_sqrt)
f:/programy/truestudio for arm lite 5.0.0/armtools/bin/../lib/gcc/arm-atollic-eabi/4.7.3/../../../../arm-atollic-eabi/lib/armv7e-m/fpu\libm.a(lib_a-s_fabs.o)
                              f:/programy/truestudio for arm lite 5.0.0/armtools/bin/../lib/gcc/arm-atollic-eabi/4.7.3/../../../../arm-atollic-eabi/lib/armv7e-m/fpu\libm.a(lib_a-e_pow.o) (fabs)
f:/programy/truestudio for arm lite 5.0.0/armtools/bin/../lib/gcc/arm-atollic-eabi/4.7.3/../../../../arm-atollic-eabi/lib/armv7e-m/fpu\libm.a(lib_a-s_finite.o)
                              f:/programy/truestudio for arm lite 5.0.0/armtools/bin/../lib/gcc/arm-atollic-eabi/4.7.3/../../../../arm-atollic-eabi/lib/armv7e-m/fpu\libm.a(lib_a-w_pow.o) (finite)
f:/programy/truestudio for arm lite 5.0.0/armtools/bin/../lib/gcc/arm-atollic-eabi/4.7.3/../../../../arm-atollic-eabi/lib/armv7e-m/fpu\libm.a(lib_a-s_fpclassify.o)
                              f:/programy/truestudio for arm lite 5.0.0/armtools/bin/../lib/gcc/arm-atollic-eabi/4.7.3/../../../../arm-atollic-eabi/lib/armv7e-m/fpu\libm.a(lib_a-w_pow.o) (__fpclassifyd)
f:/programy/truestudio for arm lite 5.0.0/armtools/bin/../lib/gcc/arm-atollic-eabi/4.7.3/../../../../arm-atollic-eabi/lib/armv7e-m/fpu\libm.a(lib_a-s_lib_ver.o)
[...]
Memory Configuration

Name             Origin             Length             Attributes
FLASH            0x08000000         0x00100000         xr
RAM              0x20000000         0x00020000         xrw
MEMORY_B1        0x60000000         0x00000000         xr
CCMRAM           0x10000000         0x00010000         rw
*default*        0x00000000         0xffffffff

Linker script and memory map

LOAD f:/programy/truestudio for arm lite 5.0.0/armtools/bin/../lib/gcc/arm-atollic-eabi/4.7.3/armv7e-m/fpu/crti.o
LOAD f:/programy/truestudio for arm lite 5.0.0/armtools/bin/../lib/gcc/arm-atollic-eabi/4.7.3/armv7e-m/fpu/crtbegin.o
LOAD src\usbd_usr.o
LOAD src\usbd_desc.o
LOAD src\usb_bsp.o
LOAD src\tiny_printf.o
LOAD src\system_stm32f4xx.o
LOAD src\startup_stm32f40xx.o
LOAD src\selftest.o
LOAD src\main.o
LOAD Utilities\STM32F4-Discovery\stm32f4_discovery_lis302dl.o
LOAD Utilities\STM32F4-Discovery\stm32f4_discovery_audio_codec.o
LOAD Utilities\STM32F4-Discovery\stm32f4_discovery.o
LOAD Libraries\STM32_USB_OTG_Driver\src\usb_dcd_int.o
LOAD Libraries\STM32_USB_OTG_Driver\src\usb_dcd.o
LOAD Libraries\STM32_USB_OTG_Driver\src\usb_core.o
LOAD Libraries\STM32_USB_Device_Library\Core\src\usbd_req.o
LOAD Libraries\STM32_USB_Device_Library\Core\src\usbd_ioreq.o
LOAD Libraries\STM32_USB_Device_Library\Core\src\usbd_core.o
LOAD Libraries\STM32_USB_Device_Library\Class\hid\src\usbd_hid_core.o
LOAD Libraries\STM32F4xx_StdPeriph_Driver\src\stm32f4xx_wwdg.o
LOAD Libraries\STM32F4xx_StdPeriph_Driver\src\stm32f4xx_usart.o
LOAD Libraries\STM32F4xx_StdPeriph_Driver\src\stm32f4xx_tim.o
LOAD Libraries\STM32F4xx_StdPeriph_Driver\src\stm32f4xx_syscfg.o
LOAD Libraries\STM32F4xx_StdPeriph_Driver\src\stm32f4xx_spi.o
LOAD Libraries\STM32F4xx_StdPeriph_Driver\src\stm32f4xx_sdio.o
LOAD Libraries\STM32F4xx_StdPeriph_Driver\src\stm32f4xx_rtc.o
LOAD Libraries\STM32F4xx_StdPeriph_Driver\src\stm32f4xx_rng.o
LOAD Libraries\STM32F4xx_StdPeriph_Driver\src\stm32f4xx_rcc.o
LOAD Libraries\STM32F4xx_StdPeriph_Driver\src\stm32f4xx_pwr.o
LOAD Libraries\STM32F4xx_StdPeriph_Driver\src\stm32f4xx_iwdg.o
LOAD Libraries\STM32F4xx_StdPeriph_Driver\src\stm32f4xx_i2c.o
LOAD Libraries\STM32F4xx_StdPeriph_Driver\src\stm32f4xx_hash_sha1.o
LOAD Libraries\STM32F4xx_StdPeriph_Driver\src\stm32f4xx_hash_md5.o
LOAD Libraries\STM32F4xx_StdPeriph_Driver\src\stm32f4xx_hash.o
LOAD Libraries\STM32F4xx_StdPeriph_Driver\src\stm32f4xx_gpio.o
LOAD Libraries\STM32F4xx_StdPeriph_Driver\src\stm32f4xx_fsmc.o
LOAD Libraries\STM32F4xx_StdPeriph_Driver\src\stm32f4xx_flash.o
LOAD Libraries\STM32F4xx_StdPeriph_Driver\src\stm32f4xx_exti.o
LOAD Libraries\STM32F4xx_StdPeriph_Driver\src\stm32f4xx_dma.o
LOAD Libraries\STM32F4xx_StdPeriph_Driver\src\stm32f4xx_dcmi.o
LOAD Libraries\STM32F4xx_StdPeriph_Driver\src\stm32f4xx_dbgmcu.o
LOAD Libraries\STM32F4xx_StdPeriph_Driver\src\stm32f4xx_dac.o
LOAD Libraries\STM32F4xx_StdPeriph_Driver\src\stm32f4xx_cryp_tdes.o
LOAD Libraries\STM32F4xx_StdPeriph_Driver\src\stm32f4xx_cryp_des.o
LOAD Libraries\STM32F4xx_StdPeriph_Driver\src\stm32f4xx_cryp_aes.o
LOAD Libraries\STM32F4xx_StdPeriph_Driver\src\stm32f4xx_cryp.o
LOAD Libraries\STM32F4xx_StdPeriph_Driver\src\stm32f4xx_crc.o
LOAD Libraries\STM32F4xx_StdPeriph_Driver\src\stm32f4xx_can.o
LOAD Libraries\STM32F4xx_StdPeriph_Driver\src\stm32f4xx_adc.o
LOAD Libraries\STM32F4xx_StdPeriph_Driver\src\misc.o
START GROUP
LOAD f:/programy/truestudio for arm lite 5.0.0/armtools/bin/../lib/gcc/arm-atollic-eabi/4.7.3/../../../../arm-atollic-eabi/lib/armv7e-m/fpu\libc_s.a
LOAD f:/programy/truestudio for arm lite 5.0.0/armtools/bin/../lib/gcc/arm-atollic-eabi/4.7.3/../../../../arm-atollic-eabi/lib/armv7e-m/fpu\libm.a
END GROUP
                0x00001000                malloc_getpagesize_P = 0x1000
START GROUP
LOAD f:/programy/truestudio for arm lite 5.0.0/armtools/bin/../lib/gcc/arm-atollic-eabi/4.7.3/armv7e-m/fpu\libgcc.a
LOAD f:/programy/truestudio for arm lite 5.0.0/armtools/bin/../lib/gcc/arm-atollic-eabi/4.7.3/../../../../arm-atollic-eabi/lib/armv7e-m/fpu\libc.a
END GROUP
LOAD f:/programy/truestudio for arm lite 5.0.0/armtools/bin/../lib/gcc/arm-atollic-eabi/4.7.3/armv7e-m/fpu/crtend.o
LOAD f:/programy/truestudio for arm lite 5.0.0/armtools/bin/../lib/gcc/arm-atollic-eabi/4.7.3/armv7e-m/fpu/crtn.o
                0x20020000                _estack = 0x20020000
                0x00000000                _Min_Heap_Size = 0x0
                0x00000400                _Min_Stack_Size = 0x400

.isr_vector     0x08000000      0x188
                0x08000000                . = ALIGN (0x4)
 *(.isr_vector)
 .isr_vector    0x08000000      0x188 src\startup_stm32f40xx.o
                0x08000000                g_pfnVectors
                0x08000188                . = ALIGN (0x4)

.text           0x08000188     0x5b34
                0x08000188                . = ALIGN (0x4)
 *(.text)
 .text          0x08000188       0x54 f:/programy/truestudio for arm lite 5.0.0/armtools/bin/../lib/gcc/arm-atollic-eabi/4.7.3/armv7e-m/fpu/crtbegin.o
 .text          0x080001dc      0x370 f:/programy/truestudio for arm lite 5.0.0/armtools/bin/../lib/gcc/arm-atollic-eabi/4.7.3/armv7e-m/fpu\libgcc.a(_arm_addsubdf3.o)
                0x080001dc                __aeabi_drsub
                0x080001e4                __aeabi_dsub
                0x080001e4                __subdf3
                0x080001e8                __aeabi_dadd
                0x080001e8                __adddf3
                0x08000460                __floatunsidf
                0x08000460                __aeabi_ui2d
                0x08000480                __floatsidf
                0x08000480                __aeabi_i2d
                0x080004a4                __aeabi_f2d
                0x080004a4                __extendsfdf2
                0x080004e0                __floatundidf
                0x080004e0                __aeabi_ul2d
                0x080004f0                __floatdidf
                0x080004f0                __aeabi_l2d
 .text          0x0800054c      0x424 f:/programy/truestudio for arm lite 5.0.0/armtools/bin/../lib/gcc/arm-atollic-eabi/4.7.3/armv7e-m/fpu\libgcc.a(_arm_muldivdf3.o)
                0x0800054c                __aeabi_dmul
                0x0800054c                __muldf3
                0x080007a0                __divdf3
                0x080007a0                __aeabi_ddiv
 .text          0x08000970      0x110 f:/programy/truestudio for arm lite 5.0.0/armtools/bin/../lib/gcc/arm-atollic-eabi/4.7.3/armv7e-m/fpu\libgcc.a(_arm_cmpdf2.o)
                0x08000970                __gtdf2
                0x08000970                __gedf2
                0x08000978                __ltdf2
                0x08000978                __ledf2
                0x08000980                __nedf2
                0x08000980                __eqdf2
                0x08000980                __cmpdf2
                0x080009fc                __aeabi_cdrcmple
                0x08000a0c                __aeabi_cdcmpeq
                0x08000a0c                __aeabi_cdcmple
                0x08000a1c                __aeabi_dcmpeq
                0x08000a30                __aeabi_dcmplt
                0x08000a44                __aeabi_dcmple
                0x08000a58                __aeabi_dcmpge
                0x08000a6c                __aeabi_dcmpgt
 .text          0x08000a80       0x40 f:/programy/truestudio for arm lite 5.0.0/armtools/bin/../lib/gcc/arm-atollic-eabi/4.7.3/armv7e-m/fpu\libgcc.a(_arm_fixunsdfsi.o)
                0x08000a80                __aeabi_d2uiz
                0x08000a80                __fixunsdfsi
 *(.text*)
 .text.NVIC_SetPriority
                0x08000ac0       0x5c src\usbd_usr.o
 .text.SysTick_Config
                0x08000b1c       0x64 src\usbd_usr.o
 .text.USBD_USR_Init
                0x08000b80       0x30 src\usbd_usr.o
                0x08000b80                USBD_USR_Init
 .text.USBD_USR_DeviceReset
                0x08000bb0       0x28 src\usbd_usr.o
                0x08000bb0                USBD_USR_DeviceReset
 .text.USBD_USR_DeviceConfigured
                0x08000bd8        0xc src\usbd_usr.o
                0x08000bd8                USBD_USR_DeviceConfigured
 .text.USBD_USR_DeviceConnected
                0x08000be4        0xc src\usbd_usr.o
                0x08000be4                USBD_USR_DeviceConnected
 .text.USBD_USR_DeviceDisconnected
                0x08000bf0        0xc src\usbd_usr.o
                0x08000bf0                USBD_USR_DeviceDisconnected
 .text.USBD_USR_DeviceSuspended
                0x08000bfc        0xc src\usbd_usr.o
                0x08000bfc                USBD_USR_DeviceSuspended
 .text.USBD_USR_DeviceResumed
                0x08000c08        0xc src\usbd_usr.o
                0x08000c08                USBD_USR_DeviceResumed
 .text.USBD_USR_DeviceDescriptor
                0x08000c14       0x28 src\usbd_desc.o
                0x08000c14                USBD_USR_DeviceDescriptor
 .text.USBD_USR_LangIDStrDescriptor
                0x08000c3c       0x28 src\usbd_desc.o
                0x08000c3c                USBD_USR_LangIDStrDescriptor
 .text.USBD_USR_ProductStrDescriptor
                0x08000c64       0x54 src\usbd_desc.o
                0x08000c64                USBD_USR_ProductStrDescriptor
 .text.USBD_USR_ManufacturerStrDescriptor
                0x08000cb8       0x34 src\usbd_desc.o
                0x08000cb8                USBD_USR_ManufacturerStrDescriptor
 .text.USBD_USR_SerialStrDescriptor
                0x08000cec       0x54 src\usbd_desc.o
                0x08000cec                USBD_USR_SerialStrDescriptor
 .text.USBD_USR_ConfigStrDescriptor
                0x08000d40       0x54 src\usbd_desc.o
                0x08000d40                USBD_USR_ConfigStrDescriptor
 .text.USBD_USR_InterfaceStrDescriptor
                0x08000d94       0x54 src\usbd_desc.o
                0x08000d94                USBD_USR_InterfaceStrDescriptor
 .text.USB_OTG_BSP_Init
                0x08000de8      0x114 src\usb_bsp.o
                0x08000de8                USB_OTG_BSP_Init
 .text.USB_OTG_BSP_EnableInterrupt
                0x08000efc       0x3c src\usb_bsp.o
                0x08000efc                USB_OTG_BSP_EnableInterrupt
 .text.USB_OTG_BSP_uDelay
                0x08000f38       0x58 src\usb_bsp.o
                0x08000f38                USB_OTG_BSP_uDelay
 .text.USB_OTG_BSP_mDelay
                0x08000f90       0x20 src\usb_bsp.o
                0x08000f90                USB_OTG_BSP_mDelay
 .text.SystemInit
                0x08000fb0       0x94 src\system_stm32f4xx.o
                0x08000fb0                SystemInit
 .text.SetSysClock
                0x08001044      0x1e0 src\system_stm32f4xx.o
 .text.Reset_Handler
                0x08001224       0x58 src\startup_stm32f40xx.o
                0x08001224                Reset_Handler
 .text.Default_Handler
                0x0800127c        0x4 src\startup_stm32f40xx.o
                0x0800127c                RTC_Alarm_IRQHandler
                0x0800127c                HASH_RNG_IRQHandler
                0x0800127c                EXTI2_IRQHandler
                0x0800127c                TIM8_CC_IRQHandler
                0x0800127c                DebugMon_Handler
                0x0800127c                TIM1_CC_IRQHandler
                0x0800127c                DMA2_Stream5_IRQHandler
                0x0800127c                HardFault_Handler
                0x0800127c                DMA1_Stream5_IRQHandler
                0x0800127c                SysTick_Handler
                0x0800127c                PVD_IRQHandler
                0x0800127c                SDIO_IRQHandler
                0x0800127c                TAMP_STAMP_IRQHandler
                0x0800127c                PendSV_Handler
                0x0800127c                NMI_Handler
                0x0800127c                CAN2_RX1_IRQHandler
                0x0800127c                EXTI3_IRQHandler
                0x0800127c                TIM8_TRG_COM_TIM14_IRQHandler
                0x0800127c                TIM1_UP_TIM10_IRQHandler
                0x0800127c                TIM8_UP_TIM13_IRQHandler
                0x0800127c                I2C3_ER_IRQHandler
                0x0800127c                I2C2_EV_IRQHandler
                0x0800127c                DMA1_Stream2_IRQHandler
                0x0800127c                CAN1_RX0_IRQHandler
                0x0800127c                FPU_IRQHandler
                0x0800127c                OTG_HS_WKUP_IRQHandler
                0x0800127c                UsageFault_Handler
                0x0800127c                CAN2_SCE_IRQHandler
                0x0800127c                DMA2_Stream2_IRQHandler
                0x0800127c                SPI1_IRQHandler
                0x0800127c                TIM6_DAC_IRQHandler
                0x0800127c                TIM1_BRK_TIM9_IRQHandler
                0x0800127c                DCMI_IRQHandler
                0x0800127c                CAN2_RX0_IRQHandler
                0x0800127c                DMA2_Stream3_IRQHandler
                0x0800127c                USART6_IRQHandler
                0x0800127c                USART3_IRQHandler
                0x0800127c                CRYP_IRQHandler
                0x0800127c                CAN1_RX1_IRQHandler
                0x0800127c                UART5_IRQHandler
                0x0800127c                DMA2_Stream0_IRQHandler
                0x0800127c                TIM4_IRQHandler
                0x0800127c                I2C1_EV_IRQHandler
                0x0800127c                DMA1_Stream6_IRQHandler
                0x0800127c                DMA1_Stream1_IRQHandler
                0x0800127c                UART4_IRQHandler
                0x0800127c                RCC_IRQHandler
                0x0800127c                TIM8_BRK_TIM12_IRQHandler
                0x0800127c                Default_Handler
                0x0800127c                EXTI15_10_IRQHandler
                0x0800127c                ADC_IRQHandler
                0x0800127c                TIM7_IRQHandler
                0x0800127c                CAN2_TX_IRQHandler
                0x0800127c                TIM5_IRQHandler
                0x0800127c                DMA2_Stream7_IRQHandler
                0x0800127c                I2C3_EV_IRQHandler
                0x0800127c                EXTI9_5_IRQHandler
                0x0800127c                RTC_WKUP_IRQHandler
                0x0800127c                ETH_WKUP_IRQHandler
                0x0800127c                SPI2_IRQHandler
                0x0800127c                OTG_HS_EP1_IN_IRQHandler
                0x0800127c                MemManage_Handler
                0x0800127c                CAN1_TX_IRQHandler
                0x0800127c                SVC_Handler
                0x0800127c                EXTI4_IRQHandler
                0x0800127c                FSMC_IRQHandler
                0x0800127c                ETH_IRQHandler
                0x0800127c                OTG_HS_EP1_OUT_IRQHandler
                0x0800127c                WWDG_IRQHandler
                0x0800127c                TIM2_IRQHandler
                0x0800127c                OTG_FS_WKUP_IRQHandler
                0x0800127c                TIM1_TRG_COM_TIM11_IRQHandler
                0x0800127c                OTG_HS_IRQHandler
                0x0800127c                EXTI1_IRQHandler
                0x0800127c                USART2_IRQHandler
                0x0800127c                I2C2_ER_IRQHandler
                0x0800127c                DMA2_Stream1_IRQHandler
                0x0800127c                CAN1_SCE_IRQHandler
                0x0800127c                FLASH_IRQHandler
                0x0800127c                DMA2_Stream4_IRQHandler
                0x0800127c                BusFault_Handler
                0x0800127c                USART1_IRQHandler
                0x0800127c                OTG_FS_IRQHandler
                0x0800127c                DMA1_Stream4_IRQHandler
                0x0800127c                I2C1_ER_IRQHandler
                0x0800127c                DMA2_Stream6_IRQHandler
                0x0800127c                DMA1_Stream3_IRQHandler
 .text.EVAL_AUDIO_TransferComplete_CallBack
                0x08001280       0x14 src\selftest.o
                0x08001280                EVAL_AUDIO_TransferComplete_CallBack
 .text.EVAL_AUDIO_GetSampleCallBack
                0x08001294      0x130 src\selftest.o
                0x08001294                EVAL_AUDIO_GetSampleCallBack
 .text.gpio_init
                0x080013c4      0x110 src\main.o
                0x080013c4                gpio_init
 .text.exti_init
                0x080014d4       0x60 src\main.o
                0x080014d4                exti_init
 *fill*         0x08001534        0x4 00
 .text.EXTI0_IRQHandler
                0x08001538      0x200 src\main.o
                0x08001538                EXTI0_IRQHandler
 .text.Demo_USBConfig
                0x08001738       0x3c src\main.o
 .text.wypisz   0x08001774       0xd8 src\main.o
                0x08001774                wypisz
 .text.pusc     0x0800184c       0xb8 src\main.o
                0x0800184c                pusc
 *fill*         0x08001904        0x4 00
 .text.pusc2    0x08001908      0x2d8 src\main.o
                0x08001908                pusc2
 .text.napisz   0x08001be0      0x310 src\main.o
                0x08001be0                napisz
 .text.TIM3_Config
                0x08001ef0       0xa0 src\main.o
 .text.TIM3_IRQHandler
                0x08001f90      0x208 src\main.o
                0x08001f90                TIM3_IRQHandler
 .text.main     0x08002198       0x6c src\main.o
                0x08002198                main
 .text.Audio_MAL_IRQHandler
                0x08002204      0x180 Utilities\STM32F4-Discovery\stm32f4_discovery_audio_codec.o
 .text.DMA1_Stream7_IRQHandler
                0x08002384        0xc Utilities\STM32F4-Discovery\stm32f4_discovery_audio_codec.o
                0x08002384                DMA1_Stream7_IRQHandler
 .text.DMA1_Stream0_IRQHandler
                0x08002390        0xc Utilities\STM32F4-Discovery\stm32f4_discovery_audio_codec.o
                0x08002390                DMA1_Stream0_IRQHandler
 .text.SPI3_IRQHandler
                0x0800239c       0x50 Utilities\STM32F4-Discovery\stm32f4_discovery_audio_codec.o
                0x0800239c                SPI3_IRQHandler
 .text.STM_EVAL_PBInit
                0x080023ec       0xec Utilities\STM32F4-Discovery\stm32f4_discovery.o
                0x080023ec                STM_EVAL_PBInit
 .text.DCD_Init
                0x080024d8      0x134 Libraries\STM32_USB_OTG_Driver\src\usb_dcd.o
                0x080024d8                DCD_Init
 .text.DCD_EP_Open
                0x0800260c       0xb4 Libraries\STM32_USB_OTG_Driver\src\usb_dcd.o
                0x0800260c                DCD_EP_Open
 .text.DCD_EP_Close
                0x080026c0       0x88 Libraries\STM32_USB_OTG_Driver\src\usb_dcd.o
                0x080026c0                DCD_EP_Close
 .text.DCD_EP_Tx
                0x08002748       0x88 Libraries\STM32_USB_OTG_Driver\src\usb_dcd.o
                0x08002748                DCD_EP_Tx
 .text.DCD_EP_Stall
                0x080027d0       0x8c Libraries\STM32_USB_OTG_Driver\src\usb_dcd.o
                0x080027d0                DCD_EP_Stall
 .text.DCD_EP_Flush
                0x0800285c       0x38 Libraries\STM32_USB_OTG_Driver\src\usb_dcd.o
                0x0800285c                DCD_EP_Flush
 .text.USB_OTG_EnableCommonInt
                0x08002894       0x44 Libraries\STM32_USB_OTG_Driver\src\usb_core.o
 .text.USB_OTG_CoreReset
                0x080028d8       0xa8 Libraries\STM32_USB_OTG_Driver\src\usb_core.o
 .text.USB_OTG_WritePacket
                0x08002980       0x84 Libraries\STM32_USB_OTG_Driver\src\usb_core.o
                0x08002980                USB_OTG_WritePacket
 .text.USB_OTG_SelectCore
                0x08002a04      0x1b4 Libraries\STM32_USB_OTG_Driver\src\usb_core.o
                0x08002a04                USB_OTG_SelectCore
 .text.USB_OTG_CoreInit
                0x08002bb8      0x150 Libraries\STM32_USB_OTG_Driver\src\usb_core.o
                0x08002bb8                USB_OTG_CoreInit
 .text.USB_OTG_EnableGlobalInt
                0x08002d08       0x3c Libraries\STM32_USB_OTG_Driver\src\usb_core.o
                0x08002d08                USB_OTG_EnableGlobalInt
 .text.USB_OTG_DisableGlobalInt
                0x08002d44       0x40 Libraries\STM32_USB_OTG_Driver\src\usb_core.o
                0x08002d44                USB_OTG_DisableGlobalInt
 .text.USB_OTG_FlushTxFifo
                0x08002d84       0x80 Libraries\STM32_USB_OTG_Driver\src\usb_core.o
                0x08002d84                USB_OTG_FlushTxFifo
 .text.USB_OTG_FlushRxFifo
                0x08002e04       0x6c Libraries\STM32_USB_OTG_Driver\src\usb_core.o
                0x08002e04                USB_OTG_FlushRxFifo
 .text.USB_OTG_SetCurrentMode
                0x08002e70       0x64 Libraries\STM32_USB_OTG_Driver\src\usb_core.o
                0x08002e70                USB_OTG_SetCurrentMode
 .text.USB_OTG_InitDevSpeed
                0x08002ed4       0x38 Libraries\STM32_USB_OTG_Driver\src\usb_core.o
                0x08002ed4                USB_OTG_InitDevSpeed
 .text.USB_OTG_CoreInitDev
                0x08002f0c      0x2d4 Libraries\STM32_USB_OTG_Driver\src\usb_core.o
                0x08002f0c                USB_OTG_CoreInitDev
 .text.USB_OTG_EnableDevInt
                0x080031e0       0xa4 Libraries\STM32_USB_OTG_Driver\src\usb_core.o
                0x080031e0                USB_OTG_EnableDevInt
 .text.USB_OTG_EPActivate
                0x08003284       0xf8 Libraries\STM32_USB_OTG_Driver\src\usb_core.o
                0x08003284                USB_OTG_EPActivate
 .text.USB_OTG_EPDeactivate
                0x0800337c       0xa4 Libraries\STM32_USB_OTG_Driver\src\usb_core.o
                0x0800337c                USB_OTG_EPDeactivate
 .text.USB_OTG_EPStartXfer
                0x08003420      0x2d0 Libraries\STM32_USB_OTG_Driver\src\usb_core.o
                0x08003420                USB_OTG_EPStartXfer
 .text.USB_OTG_EP0StartXfer
                0x080036f0      0x200 Libraries\STM32_USB_OTG_Driver\src\usb_core.o
                0x080036f0                USB_OTG_EP0StartXfer
 .text.USB_OTG_EPSetStall
                0x080038f0       0x94 Libraries\STM32_USB_OTG_Driver\src\usb_core.o
                0x080038f0                USB_OTG_EPSetStall
 .text.USB_OTG_EP0_OutStart
                0x08003984       0x78 Libraries\STM32_USB_OTG_Driver\src\usb_core.o
                0x08003984                USB_OTG_EP0_OutStart
 .text.USBD_CtlError
                0x080039fc       0x2c Libraries\STM32_USB_Device_Library\Core\src\usbd_req.o
                0x080039fc                USBD_CtlError
 .text.USBD_GetString
                0x08003a28       0x9c Libraries\STM32_USB_Device_Library\Core\src\usbd_req.o
                0x08003a28                USBD_GetString
 .text.USBD_GetLen
                0x08003ac4       0x38 Libraries\STM32_USB_Device_Library\Core\src\usbd_req.o
 .text.USBD_CtlSendData
                0x08003afc       0x48 Libraries\STM32_USB_Device_Library\Core\src\usbd_ioreq.o
                0x08003afc                USBD_CtlSendData
 .text.USBD_Init
                0x08003b44       0x58 Libraries\STM32_USB_Device_Library\Core\src\usbd_core.o
                0x08003b44                USBD_Init
 .text.USBD_DeInit
                0x08003b9c       0x18 Libraries\STM32_USB_Device_Library\Core\src\usbd_core.o
                0x08003b9c                USBD_DeInit
 .text.USBD_HID_Init
                0x08003bb4       0x40 Libraries\STM32_USB_Device_Library\Class\hid\src\usbd_hid_core.o
 .text.USBD_HID_DeInit
                0x08003bf4       0x30 Libraries\STM32_USB_Device_Library\Class\hid\src\usbd_hid_core.o
 .text.USBD_HID_Setup
                0x08003c24      0x168 Libraries\STM32_USB_Device_Library\Class\hid\src\usbd_hid_core.o
 .text.USBD_HID_SendReport
                0x08003d8c       0x34 Libraries\STM32_USB_Device_Library\Class\hid\src\usbd_hid_core.o
                0x08003d8c                USBD_HID_SendReport
 .text.USBD_HID_GetCfgDesc
                0x08003dc0       0x28 Libraries\STM32_USB_Device_Library\Class\hid\src\usbd_hid_core.o
 .text.USBD_HID_DataIn
                0x08003de8       0x24 Libraries\STM32_USB_Device_Library\Class\hid\src\usbd_hid_core.o
 .text.TIM_TimeBaseInit
                0x08003e0c       0xf4 Libraries\STM32F4xx_StdPeriph_Driver\src\stm32f4xx_tim.o
                0x08003e0c                TIM_TimeBaseInit
 .text.TIM_Cmd  0x08003f00       0x40 Libraries\STM32F4xx_StdPeriph_Driver\src\stm32f4xx_tim.o
                0x08003f00                TIM_Cmd
 .text.TIM_ITConfig
                0x08003f40       0x48 Libraries\STM32F4xx_StdPeriph_Driver\src\stm32f4xx_tim.o
                0x08003f40                TIM_ITConfig
 .text.TIM_GetITStatus
                0x08003f88       0x60 Libraries\STM32F4xx_StdPeriph_Driver\src\stm32f4xx_tim.o
                0x08003f88                TIM_GetITStatus
 .text.TIM_ClearITPendingBit
                0x08003fe8       0x24 Libraries\STM32F4xx_StdPeriph_Driver\src\stm32f4xx_tim.o
                0x08003fe8                TIM_ClearITPendingBit
 .text.SYSCFG_EXTILineConfig
                0x0800400c       0xb0 Libraries\STM32F4xx_StdPeriph_Driver\src\stm32f4xx_syscfg.o
                0x0800400c                SYSCFG_EXTILineConfig
 .text.SPI_I2S_SendData
                0x080040bc       0x1c Libraries\STM32F4xx_StdPeriph_Driver\src\stm32f4xx_spi.o
                0x080040bc                SPI_I2S_SendData
 .text.SPI_I2S_GetFlagStatus
                0x080040d8       0x40 Libraries\STM32F4xx_StdPeriph_Driver\src\stm32f4xx_spi.o
                0x080040d8                SPI_I2S_GetFlagStatus
 .text.RCC_AHB1PeriphClockCmd
                0x08004118       0x54 Libraries\STM32F4xx_StdPeriph_Driver\src\stm32f4xx_rcc.o
                0x08004118                RCC_AHB1PeriphClockCmd
 .text.RCC_AHB2PeriphClockCmd
                0x0800416c       0x54 Libraries\STM32F4xx_StdPeriph_Driver\src\stm32f4xx_rcc.o
                0x0800416c                RCC_AHB2PeriphClockCmd
 .text.RCC_APB1PeriphClockCmd
                0x080041c0       0x54 Libraries\STM32F4xx_StdPeriph_Driver\src\stm32f4xx_rcc.o
                0x080041c0                RCC_APB1PeriphClockCmd
 .text.RCC_APB2PeriphClockCmd
                0x08004214       0x54 Libraries\STM32F4xx_StdPeriph_Driver\src\stm32f4xx_rcc.o
                0x08004214                RCC_APB2PeriphClockCmd
 .text.RCC_APB1PeriphResetCmd
                0x08004268       0x54 Libraries\STM32F4xx_StdPeriph_Driver\src\stm32f4xx_rcc.o
                0x08004268                RCC_APB1PeriphResetCmd
 .text.GPIO_Init
                0x080042bc      0x144 Libraries\STM32F4xx_StdPeriph_Driver\src\stm32f4xx_gpio.o
                0x080042bc                GPIO_Init
 .text.GPIO_ReadInputDataBit
                0x08004400       0x3c Libraries\STM32F4xx_StdPeriph_Driver\src\stm32f4xx_gpio.o
                0x08004400                GPIO_ReadInputDataBit
 .text.GPIO_SetBits
                0x0800443c       0x1c Libraries\STM32F4xx_StdPeriph_Driver\src\stm32f4xx_gpio.o
                0x0800443c                GPIO_SetBits
 .text.GPIO_ResetBits
                0x08004458       0x1c Libraries\STM32F4xx_StdPeriph_Driver\src\stm32f4xx_gpio.o
                0x08004458                GPIO_ResetBits
 .text.GPIO_PinAFConfig
                0x08004474       0xa8 Libraries\STM32F4xx_StdPeriph_Driver\src\stm32f4xx_gpio.o
                0x08004474                GPIO_PinAFConfig
 .text.EXTI_Init
                0x0800451c      0x138 Libraries\STM32F4xx_StdPeriph_Driver\src\stm32f4xx_exti.o
                0x0800451c                EXTI_Init
 .text.EXTI_GetITStatus
                0x08004654       0x58 Libraries\STM32F4xx_StdPeriph_Driver\src\stm32f4xx_exti.o
                0x08004654                EXTI_GetITStatus
 .text.EXTI_ClearITPendingBit
                0x080046ac       0x20 Libraries\STM32F4xx_StdPeriph_Driver\src\stm32f4xx_exti.o
                0x080046ac                EXTI_ClearITPendingBit
 .text.DMA_Init
                0x080046cc       0xb0 Libraries\STM32F4xx_StdPeriph_Driver\src\stm32f4xx_dma.o
                0x080046cc                DMA_Init
 .text.DMA_Cmd  0x0800477c       0x38 Libraries\STM32F4xx_StdPeriph_Driver\src\stm32f4xx_dma.o
                0x0800477c                DMA_Cmd
 .text.DMA_GetCmdStatus
                0x080047b4       0x38 Libraries\STM32F4xx_StdPeriph_Driver\src\stm32f4xx_dma.o
                0x080047b4                DMA_GetCmdStatus
 .text.DMA_GetFlagStatus
                0x080047ec       0x84 Libraries\STM32F4xx_StdPeriph_Driver\src\stm32f4xx_dma.o
                0x080047ec                DMA_GetFlagStatus
 .text.DMA_ClearFlag
                0x08004870       0x60 Libraries\STM32F4xx_StdPeriph_Driver\src\stm32f4xx_dma.o
                0x08004870                DMA_ClearFlag
 .text.DAC_SetChannel1Data
                0x080048d0       0x38 Libraries\STM32F4xx_StdPeriph_Driver\src\stm32f4xx_dac.o
                0x080048d0                DAC_SetChannel1Data
 .text.NVIC_PriorityGroupConfig
                0x08004908       0x28 Libraries\STM32F4xx_StdPeriph_Driver\src\misc.o
                0x08004908                NVIC_PriorityGroupConfig
 .text.NVIC_Init
                0x08004930       0xe4 Libraries\STM32F4xx_StdPeriph_Driver\src\misc.o
                0x08004930                NVIC_Init
 .text.__libc_init_array
                0x08004a14       0x4c f:/programy/truestudio for arm lite 5.0.0/armtools/bin/../lib/gcc/arm-atollic-eabi/4.7.3/../../../../arm-atollic-eabi/lib/armv7e-m/fpu\libc_s.a(lib_a-init.o)
                0x08004a14                __libc_init_array
 .text.strcat   0x08004a60       0x1a f:/programy/truestudio for arm lite 5.0.0/armtools/bin/../lib/gcc/arm-atollic-eabi/4.7.3/../../../../arm-atollic-eabi/lib/armv7e-m/fpu\libc_s.a(lib_a-strcat.o)
                0x08004a60                strcat
 .text.strlen   0x08004a7a       0x10 f:/programy/truestudio for arm lite 5.0.0/armtools/bin/../lib/gcc/arm-atollic-eabi/4.7.3/../../../../arm-atollic-eabi/lib/armv7e-m/fpu\libc_s.a(lib_a-strlen.o)
                0x08004a7a                strlen
 *fill*         0x08004a8a        0x2 00
 .text.pow      0x08004a8c      0x2fc f:/programy/truestudio for arm lite 5.0.0/armtools/bin/../lib/gcc/arm-atollic-eabi/4.7.3/../../../../arm-atollic-eabi/lib/armv7e-m/fpu\libm.a(lib_a-w_pow.o)
                0x08004a8c                pow
 .text.__ieee754_pow
                0x08004d88      0xac8 f:/programy/truestudio for arm lite 5.0.0/armtools/bin/../lib/gcc/arm-atollic-eabi/4.7.3/../../../../arm-atollic-eabi/lib/armv7e-m/fpu\libm.a(lib_a-e_pow.o)
                0x08004d88                __ieee754_pow
 .text.__ieee754_sqrt
                0x08005850      0x168 f:/programy/truestudio for arm lite 5.0.0/armtools/bin/../lib/gcc/arm-atollic-eabi/4.7.3/../../../../arm-atollic-eabi/lib/armv7e-m/fpu\libm.a(lib_a-e_sqrt.o)
                0x08005850                __ieee754_sqrt
 .text.fabs     0x080059b8       0x12 f:/programy/truestudio for arm lite 5.0.0/armtools/bin/../lib/gcc/arm-atollic-eabi/4.7.3/../../../../arm-atollic-eabi/lib/armv7e-m/fpu\libm.a(lib_a-s_fabs.o)
                0x080059b8                fabs
 .text.finite   0x080059ca       0x10 f:/programy/truestudio for arm lite 5.0.0/armtools/bin/../lib/gcc/arm-atollic-eabi/4.7.3/../../../../arm-atollic-eabi/lib/armv7e-m/fpu\libm.a(lib_a-s_finite.o)
                0x080059ca                finite
 *fill*         0x080059da        0x2 00
 .text.__fpclassifyd
                0x080059dc       0x6c f:/programy/truestudio for arm lite 5.0.0/armtools/bin/../lib/gcc/arm-atollic-eabi/4.7.3/../../../../arm-atollic-eabi/lib/armv7e-m/fpu\libm.a(lib_a-s_fpclassify.o)
                0x080059dc                __fpclassifyd
 .text.matherr  0x08005a48        0x4 f:/programy/truestudio for arm lite 5.0.0/armtools/bin/../lib/gcc/arm-atollic-eabi/4.7.3/../../../../arm-atollic-eabi/lib/armv7e-m/fpu\libm.a(lib_a-s_matherr.o)
                0x08005a48                matherr
 *fill*         0x08005a4c        0x4 00
 .text.nan      0x08005a50       0x10 f:/programy/truestudio for arm lite 5.0.0/armtools/bin/../lib/gcc/arm-atollic-eabi/4.7.3/../../../../arm-atollic-eabi/lib/armv7e-m/fpu\libm.a(lib_a-s_nan.o)
                0x08005a50                nan
 .text.rint     0x08005a60      0x114 f:/programy/truestudio for arm lite 5.0.0/armtools/bin/../lib/gcc/arm-atollic-eabi/4.7.3/../../../../arm-atollic-eabi/lib/armv7e-m/fpu\libm.a(lib_a-s_rint.o)
                0x08005a60                rint
 *fill*         0x08005b74        0x4 00
 .text.scalbn   0x08005b78      0x100 f:/programy/truestudio for arm lite 5.0.0/armtools/bin/../lib/gcc/arm-atollic-eabi/4.7.3/../../../../arm-atollic-eabi/lib/armv7e-m/fpu\libm.a(lib_a-s_scalbn.o)
                0x08005b78                scalbn
 .text.copysign
                0x08005c78       0x20 f:/programy/truestudio for arm lite 5.0.0/armtools/bin/../lib/gcc/arm-atollic-eabi/4.7.3/../../../../arm-atollic-eabi/lib/armv7e-m/fpu\libm.a(lib_a-s_copysign.o)
                0x08005c78                copysign
 .text.__errno  0x08005c98        0xc f:/programy/truestudio for arm lite 5.0.0/armtools/bin/../lib/gcc/arm-atollic-eabi/4.7.3/../../../../arm-atollic-eabi/lib/armv7e-m/fpu\libc_s.a(lib_a-errno.o)
                0x08005c98                __errno
 *(.glue_7)
 .glue_7        0x00000000        0x0 linker stubs
 *(.glue_7t)
 .glue_7t       0x00000000        0x0 linker stubs
 *(.eh_frame)
 .eh_frame      0x08005ca4        0x0 f:/programy/truestudio for arm lite 5.0.0/armtools/bin/../lib/gcc/arm-atollic-eabi/4.7.3/armv7e-m/fpu/crtbegin.o
 *(.init)
 .init          0x08005ca4        0x4 f:/programy/truestudio for arm lite 5.0.0/armtools/bin/../lib/gcc/arm-atollic-eabi/4.7.3/armv7e-m/fpu/crti.o
                0x08005ca4                _init
 .init          0x08005ca8        0x8 f:/programy/truestudio for arm lite 5.0.0/armtools/bin/../lib/gcc/arm-atollic-eabi/4.7.3/armv7e-m/fpu/crtn.o
 *(.fini)
 .fini          0x08005cb0        0x4 f:/programy/truestudio for arm lite 5.0.0/armtools/bin/../lib/gcc/arm-atollic-eabi/4.7.3/armv7e-m/fpu/crti.o
                0x08005cb0                _fini
 .fini          0x08005cb4        0x8 f:/programy/truestudio for arm lite 5.0.0/armtools/bin/../lib/gcc/arm-atollic-eabi/4.7.3/armv7e-m/fpu/crtn.o
                0x08005cbc                . = ALIGN (0x4)
                0x08005cbc                _etext = .

.vfp11_veneer   0x08005cbc        0x0
 .vfp11_veneer  0x00000000        0x0 linker stubs

.v4_bx          0x08005cbc        0x0
 .v4_bx         0x00000000        0x0 linker stubs

.iplt           0x08005cbc        0x0
 .iplt          0x00000000        0x0 f:/programy/truestudio for arm lite 5.0.0/armtools/bin/../lib/gcc/arm-atollic-eabi/4.7.3/armv7e-m/fpu/crtbegin.o

.rodata         0x08005cc0      0x138
                0x08005cc0                . = ALIGN (0x4)
 *(.rodata)
 .rodata        0x08005cc0       0x78 src\usbd_desc.o
 *(.rodata*)
 .rodata.sinebuf
                0x08005d38       0x60 src\selftest.o
                0x08005d38                sinebuf
 .rodata.BUTTON_PIN
                0x08005d98        0x4 Utilities\STM32F4-Discovery\stm32f4_discovery.o
                0x08005d98                BUTTON_PIN
 .rodata.BUTTON_CLK
                0x08005d9c        0x4 Utilities\STM32F4-Discovery\stm32f4_discovery.o
                0x08005d9c                BUTTON_CLK
 .rodata.BUTTON_EXTI_LINE
                0x08005da0        0x4 Utilities\STM32F4-Discovery\stm32f4_discovery.o
                0x08005da0                BUTTON_EXTI_LINE
 .rodata.BUTTON_PORT_SOURCE
                0x08005da4        0x4 Utilities\STM32F4-Discovery\stm32f4_discovery.o
                0x08005da4                BUTTON_PORT_SOURCE
 .rodata.BUTTON_PIN_SOURCE
                0x08005da8        0x4 Utilities\STM32F4-Discovery\stm32f4_discovery.o
                0x08005da8                BUTTON_PIN_SOURCE
 .rodata.BUTTON_IRQn
                0x08005dac        0x4 Utilities\STM32F4-Discovery\stm32f4_discovery.o
                0x08005dac                BUTTON_IRQn
 .rodata.str1.1
                0x08005db0        0x2 f:/programy/truestudio for arm lite 5.0.0/armtools/bin/../lib/gcc/arm-atollic-eabi/4.7.3/../../../../arm-atollic-eabi/lib/armv7e-m/fpu\libc_s.a(lib_a-impure.o)
 .rodata.str1.1
                0x08005db2        0x4 f:/programy/truestudio for arm lite 5.0.0/armtools/bin/../lib/gcc/arm-atollic-eabi/4.7.3/../../../../arm-atollic-eabi/lib/armv7e-m/fpu\libm.a(lib_a-w_pow.o)
 *fill*         0x08005db6        0x2 00
 .rodata.dp_h   0x08005db8       0x10 f:/programy/truestudio for arm lite 5.0.0/armtools/bin/../lib/gcc/arm-atollic-eabi/4.7.3/../../../../arm-atollic-eabi/lib/armv7e-m/fpu\libm.a(lib_a-e_pow.o)
 .rodata.dp_l   0x08005dc8       0x10 f:/programy/truestudio for arm lite 5.0.0/armtools/bin/../lib/gcc/arm-atollic-eabi/4.7.3/../../../../arm-atollic-eabi/lib/armv7e-m/fpu\libm.a(lib_a-e_pow.o)
 .rodata.str1.1
                0x00000000        0x4 f:/programy/truestudio for arm lite 5.0.0/armtools/bin/../lib/gcc/arm-atollic-eabi/4.7.3/../../../../arm-atollic-eabi/lib/armv7e-m/fpu\libm.a(lib_a-e_pow.o)
                                  0x1 (size before relaxing)
 .rodata.bp     0x08005dd8       0x10 f:/programy/truestudio for arm lite 5.0.0/armtools/bin/../lib/gcc/arm-atollic-eabi/4.7.3/../../../../arm-atollic-eabi/lib/armv7e-m/fpu\libm.a(lib_a-e_pow.o)
 .rodata.TWO52  0x08005de8       0x10 f:/programy/truestudio for arm lite 5.0.0/armtools/bin/../lib/gcc/arm-atollic-eabi/4.7.3/../../../../arm-atollic-eabi/lib/armv7e-m/fpu\libm.a(lib_a-s_rint.o)
                0x08005df8                . = ALIGN (0x4)

.rel.dyn        0x08005df8        0x0
 .rel.iplt      0x00000000        0x0 f:/programy/truestudio for arm lite 5.0.0/armtools/bin/../lib/gcc/arm-atollic-eabi/4.7.3/armv7e-m/fpu/crtbegin.o

.ARM.extab
 *(.ARM.extab* .gnu.linkonce.armextab.*)

.ARM            0x08005df8        0x0
                0x08005df8                __exidx_start = .
 *(.ARM.exidx*)
                0x08005df8                __exidx_end = .

.preinit_array  0x08005df8        0x0
                0x08005df8                PROVIDE (__preinit_array_start, .)
 *(.preinit_array*)
                0x08005df8                PROVIDE (__preinit_array_end, .)

.init_array     0x08005df8        0x4
                0x08005df8                PROVIDE (__init_array_start, .)
 *(SORT(.init_array.*))
 *(.init_array*)
 .init_array    0x08005df8        0x4 f:/programy/truestudio for arm lite 5.0.0/armtools/bin/../lib/gcc/arm-atollic-eabi/4.7.3/armv7e-m/fpu/crtbegin.o
                0x08005dfc                PROVIDE (__init_array_end, .)

.fini_array     0x08005dfc        0x4
                0x08005dfc                PROVIDE (__fini_array_start, .)
 *(SORT(.fini_array.*))
 *(.fini_array*)
 .fini_array    0x08005dfc        0x4 f:/programy/truestudio for arm lite 5.0.0/armtools/bin/../lib/gcc/arm-atollic-eabi/4.7.3/armv7e-m/fpu/crtbegin.o
                0x08005e00                PROVIDE (__fini_array_end, .)
                0x08005e00                _sidata = LOADADDR (.data)

.data           0x20000000      0x1c0 load address 0x08005e00
                0x20000000                . = ALIGN (0x4)
                0x20000000                _sdata = .
 *(.data)
 *(.data*)
 .data.USR_cb   0x20000000       0x1c src\usbd_usr.o
                0x20000000                USR_cb
 .data.USR_desc
                0x2000001c       0x1c src\usbd_desc.o
                0x2000001c                USR_desc
 .data.USBD_DeviceDesc
                0x20000038       0x14 src\usbd_desc.o
                0x20000038                USBD_DeviceDesc
 .data.USBD_LangIDDesc
                0x2000004c        0x4 src\usbd_desc.o
                0x2000004c                USBD_LangIDDesc
 .data.SystemCoreClock
                0x20000050        0x4 src\system_stm32f4xx.o
                0x20000050                SystemCoreClock
 .data.count1   0x20000054        0x2 src\selftest.o
                0x20000054                count1
 *fill*         0x20000056        0x2 00
 .data.prog     0x20000058        0x8 src\main.o
                0x20000058                prog
 .data.prog_pusc
                0x20000060        0x8 src\main.o
                0x20000060                prog_pusc
 .data.porty    0x20000068       0x18 src\main.o
                0x20000068                porty
 .data.piny     0x20000080        0xc src\main.o
                0x20000080                piny
 .data.keycodes
                0x2000008c       0x18 src\main.o
                0x2000008c                keycodes
 .data.AudioRemSize
                0x200000a4        0x4 Utilities\STM32F4-Discovery\stm32f4_discovery_audio_codec.o
                0x200000a4                AudioRemSize
 .data.CurrAudioInterface
                0x200000a8        0x4 Utilities\STM32F4-Discovery\stm32f4_discovery_audio_codec.o
                0x200000a8                CurrAudioInterface
 .data.AUDIO_MAL_DMA_STREAM
                0x200000ac        0x4 Utilities\STM32F4-Discovery\stm32f4_discovery_audio_codec.o
                0x200000ac                AUDIO_MAL_DMA_STREAM
 .data.AUDIO_MAL_DMA_FLAG_TC
                0x200000b0        0x4 Utilities\STM32F4-Discovery\stm32f4_discovery_audio_codec.o
                0x200000b0                AUDIO_MAL_DMA_FLAG_TC
 .data.BUTTON_PORT
                0x200000b4        0x4 Utilities\STM32F4-Discovery\stm32f4_discovery.o
                0x200000b4                BUTTON_PORT
 .data.USBD_HID_cb
                0x200000b8       0x2c Libraries\STM32_USB_Device_Library\Class\hid\src\usbd_hid_core.o
                0x200000b8                USBD_HID_cb
 .data.USBD_HID_CfgDesc
                0x200000e4       0x24 Libraries\STM32_USB_Device_Library\Class\hid\src\usbd_hid_core.o
 .data.HID_MOUSE_ReportDesc
                0x20000108       0x4c Libraries\STM32_USB_Device_Library\Class\hid\src\usbd_hid_core.o
 .data.impure_data
                0x20000154       0x64 f:/programy/truestudio for arm lite 5.0.0/armtools/bin/../lib/gcc/arm-atollic-eabi/4.7.3/../../../../arm-atollic-eabi/lib/armv7e-m/fpu\libc_s.a(lib_a-impure.o)
 .data._impure_ptr
                0x200001b8        0x4 f:/programy/truestudio for arm lite 5.0.0/armtools/bin/../lib/gcc/arm-atollic-eabi/4.7.3/../../../../arm-atollic-eabi/lib/armv7e-m/fpu\libc_s.a(lib_a-impure.o)
                0x200001b8                _impure_ptr
 .data.__fdlib_version
                0x200001bc        0x1 f:/programy/truestudio for arm lite 5.0.0/armtools/bin/../lib/gcc/arm-atollic-eabi/4.7.3/../../../../arm-atollic-eabi/lib/armv7e-m/fpu\libm.a(lib_a-s_lib_ver.o)
                0x200001bc                __fdlib_version
                0x200001c0                . = ALIGN (0x4)
 *fill*         0x200001bd        0x3 00
                0x200001c0                _edata = .
                0x08005fc0                _siccmram = LOADADDR (.ccmram)

.jcr            0x200001c0        0x0 load address 0x08005fc0
 .jcr           0x200001c0        0x0 f:/programy/truestudio for arm lite 5.0.0/armtools/bin/../lib/gcc/arm-atollic-eabi/4.7.3/armv7e-m/fpu/crtbegin.o

.igot.plt       0x200001c0        0x0 load address 0x08005fc0
 .igot.plt      0x00000000        0x0 f:/programy/truestudio for arm lite 5.0.0/armtools/bin/../lib/gcc/arm-atollic-eabi/4.7.3/armv7e-m/fpu/crtbegin.o

.ccmram         0x10000000        0x0 load address 0x08005fc0
                0x10000000                . = ALIGN (0x4)
                0x10000000                _sccmram = .
 *(.ccmram)
 *(.ccmram*)
                0x10000000                . = ALIGN (0x4)
                0x10000000                _eccmram = .
                0x10000000                . = ALIGN (0x4)

.bss            0x200001c0      0xd04
                0x200001c0                _sbss = .
                0x200001c0                __bss_start__ = _sbss
 *(.bss)
 .bss           0x200001c0       0x1c f:/programy/truestudio for arm lite 5.0.0/armtools/bin/../lib/gcc/arm-atollic-eabi/4.7.3/armv7e-m/fpu/crtbegin.o
 *(.bss*)
 .bss.DACTest   0x200001dc        0x1 src\selftest.o
                0x200001dc                DACTest
 *fill*         0x200001dd        0x1 00
 .bss.count     0x200001de        0x2 src\selftest.o
                0x200001de                count
 .bss.Left_Right
                0x200001e0        0x2 src\selftest.o
                0x200001e0                Left_Right
 *fill*         0x200001e2        0x2 00
 .bss.licznik   0x200001e4        0x4 src\main.o
                0x200001e4                licznik
 .bss.obecny_indeks
                0x200001e8        0x4 src\main.o
                0x200001e8                obecny_indeks
 .bss.USBD_HID_AltSet
                0x200001ec        0x4 Libraries\STM32_USB_Device_Library\Class\hid\src\usbd_hid_core.o
 .bss.USBD_HID_Protocol
                0x200001f0        0x4 Libraries\STM32_USB_Device_Library\Class\hid\src\usbd_hid_core.o
 .bss.USBD_HID_IdleState
                0x200001f4        0x4 Libraries\STM32_USB_Device_Library\Class\hid\src\usbd_hid_core.o
 *(COMMON)
 COMMON         0x200001f8      0xc10 src\main.o
                0x200001f8                n
                0x200001fc                keyboard_report
                0x20000200                wejscia
                0x20000800                test
                0x20000808                pressed
                0x2000080c                USB_OTG_dev
                0x20000e00                stan
                0x20000e04                wart
 COMMON         0x20000e08       0x7c Utilities\STM32F4-Discovery\stm32f4_discovery_audio_codec.o
                0x20000e08                CurrentPos
                0x20000e0c                AUDIO_MAL_DMA_InitStructure
                0x20000e48                DMA_InitStructure
 COMMON         0x20000e84       0x40 Libraries\STM32_USB_Device_Library\Core\src\usbd_req.o
                0x20000e84                USBD_StrDesc
                0x20000ec4                . = ALIGN (0x4)
                0x20000ec4                _ebss = .
                0x20000ec4                __bss_end__ = _ebss

._user_heap_stack
                0x20000ec4      0x400
                0x20000ec4                . = ALIGN (0x4)
                0x20000ec4                PROVIDE (end, .)
                0x20000ec4                PROVIDE (_end, .)
                0x20000ec4                . = (. + _Min_Heap_Size)
                0x200012c4                . = (. + _Min_Stack_Size)
 *fill*         0x20000ec4      0x400 00
                0x200012c4                . = ALIGN (0x4)

.memory_b1_text
 *(.mb1text)
 *(.mb1text*)
 *(.mb1rodata)
 *(.mb1rodata*)

/DISCARD/
 libc.a(*)
 libm.a(*)
 libgcc.a(*)

.ARM.attributes
                0x00000000       0x32
 *(.ARM.attributes)
 .ARM.attributes
                0x00000000       0x24 f:/programy/truestudio for arm lite 5.0.0/armtools/bin/../lib/gcc/arm-atollic-eabi/4.7.3/armv7e-m/fpu/crti.o
 .ARM.attributes
                0x00000024       0x36 f:/programy/truestudio for arm lite 5.0.0/armtools/bin/../lib/gcc/arm-atollic-eabi/4.7.3/armv7e-m/fpu/crtbegin.o
 .ARM.attributes
                0x0000005a       0x3b src\usbd_usr.o
 .ARM.attributes
                0x00000095       0x3b src\usbd_desc.o
 .ARM.attributes
                0x000000d0       0x3b src\usb_bsp.o
 .ARM.attributes
                0x0000010b       0x3b src\system_stm32f4xx.o
 .ARM.attributes
                0x00000146       0x21 src\startup_stm32f40xx.o
 .ARM.attributes
                0x00000167       0x3b src\selftest.o
 .ARM.attributes
                0x000001a2       0x3b src\main.o
 .ARM.attributes
                0x000001dd       0x3b Utilities\STM32F4-Discovery\stm32f4_discovery_audio_codec.o
 .ARM.attributes
                0x00000218       0x3b Utilities\STM32F4-Discovery\stm32f4_discovery.o
 .ARM.attributes
                0x00000253       0x3b Libraries\STM32_USB_OTG_Driver\src\usb_dcd.o
 .ARM.attributes
                0x0000028e       0x3b Libraries\STM32_USB_OTG_Driver\src\usb_core.o
 .ARM.attributes
                0x000002c9       0x3b Libraries\STM32_USB_Device_Library\Core\src\usbd_req.o
 .ARM.attributes
                0x00000304       0x3b Libraries\STM32_USB_Device_Library\Core\src\usbd_ioreq.o
 .ARM.attributes
                0x0000033f       0x3b Libraries\STM32_USB_Device_Library\Core\src\usbd_core.o
 .ARM.attributes
                0x0000037a       0x3b Libraries\STM32_USB_Device_Library\Class\hid\src\usbd_hid_core.o
 .ARM.attributes
                0x000003b5       0x3b Libraries\STM32F4xx_StdPeriph_Driver\src\stm32f4xx_tim.o
 .ARM.attributes
                0x000003f0       0x3b Libraries\STM32F4xx_StdPeriph_Driver\src\stm32f4xx_syscfg.o
 .ARM.attributes
                0x0000042b       0x3b Libraries\STM32F4xx_StdPeriph_Driver\src\stm32f4xx_spi.o
 .ARM.attributes
                0x00000466       0x3b Libraries\STM32F4xx_StdPeriph_Driver\src\stm32f4xx_rcc.o
 .ARM.attributes
                0x000004a1       0x3b Libraries\STM32F4xx_StdPeriph_Driver\src\stm32f4xx_gpio.o
 .ARM.attributes
                0x000004dc       0x3b Libraries\STM32F4xx_StdPeriph_Driver\src\stm32f4xx_exti.o
 .ARM.attributes
                0x00000517       0x3b Libraries\STM32F4xx_StdPeriph_Driver\src\stm32f4xx_dma.o
 .ARM.attributes
                0x00000552       0x3b Libraries\STM32F4xx_StdPeriph_Driver\src\stm32f4xx_dac.o
 .ARM.attributes
                0x0000058d       0x3b Libraries\STM32F4xx_StdPeriph_Driver\src\misc.o
 .ARM.attributes
                0x000005c8       0x36 f:/programy/truestudio for arm lite 5.0.0/armtools/bin/../lib/gcc/arm-atollic-eabi/4.7.3/../../../../arm-atollic-eabi/lib/armv7e-m/fpu\libc_s.a(lib_a-init.o)
 .ARM.attributes
                0x000005fe       0x36 f:/programy/truestudio for arm lite 5.0.0/armtools/bin/../lib/gcc/arm-atollic-eabi/4.7.3/../../../../arm-atollic-eabi/lib/armv7e-m/fpu\libc_s.a(lib_a-strcat.o)
 .ARM.attributes
                0x00000634       0x36 f:/programy/truestudio for arm lite 5.0.0/armtools/bin/../lib/gcc/arm-atollic-eabi/4.7.3/../../../../arm-atollic-eabi/lib/armv7e-m/fpu\libc_s.a(lib_a-strlen.o)
 .ARM.attributes
                0x0000066a       0x36 f:/programy/truestudio for arm lite 5.0.0/armtools/bin/../lib/gcc/arm-atollic-eabi/4.7.3/../../../../arm-atollic-eabi/lib/armv7e-m/fpu\libc_s.a(lib_a-impure.o)
 .ARM.attributes
                0x000006a0       0x36 f:/programy/truestudio for arm lite 5.0.0/armtools/bin/../lib/gcc/arm-atollic-eabi/4.7.3/../../../../arm-atollic-eabi/lib/armv7e-m/fpu\libm.a(lib_a-w_pow.o)
 .ARM.attributes
                0x000006d6       0x36 f:/programy/truestudio for arm lite 5.0.0/armtools/bin/../lib/gcc/arm-atollic-eabi/4.7.3/../../../../arm-atollic-eabi/lib/armv7e-m/fpu\libm.a(lib_a-e_pow.o)
 .ARM.attributes
                0x0000070c       0x36 f:/programy/truestudio for arm lite 5.0.0/armtools/bin/../lib/gcc/arm-atollic-eabi/4.7.3/../../../../arm-atollic-eabi/lib/armv7e-m/fpu\libm.a(lib_a-e_sqrt.o)
 .ARM.attributes
                0x00000742       0x36 f:/programy/truestudio for arm lite 5.0.0/armtools/bin/../lib/gcc/arm-atollic-eabi/4.7.3/../../../../arm-atollic-eabi/lib/armv7e-m/fpu\libm.a(lib_a-s_fabs.o)
 .ARM.attributes
                0x00000778       0x36 f:/programy/truestudio for arm lite 5.0.0/armtools/bin/../lib/gcc/arm-atollic-eabi/4.7.3/../../../../arm-atollic-eabi/lib/armv7e-m/fpu\libm.a(lib_a-s_finite.o)
 .ARM.attributes
                0x000007ae       0x36 f:/programy/truestudio for arm lite 5.0.0/armtools/bin/../lib/gcc/arm-atollic-eabi/4.7.3/../../../../arm-atollic-eabi/lib/armv7e-m/fpu\libm.a(lib_a-s_fpclassify.o)
 .ARM.attributes
                0x000007e4       0x36 f:/programy/truestudio for arm lite 5.0.0/armtools/bin/../lib/gcc/arm-atollic-eabi/4.7.3/../../../../arm-atollic-eabi/lib/armv7e-m/fpu\libm.a(lib_a-s_lib_ver.o)
 .ARM.attributes
                0x0000081a       0x36 f:/programy/truestudio for arm lite 5.0.0/armtools/bin/../lib/gcc/arm-atollic-eabi/4.7.3/../../../../arm-atollic-eabi/lib/armv7e-m/fpu\libm.a(lib_a-s_matherr.o)
 .ARM.attributes
                0x00000850       0x36 f:/programy/truestudio for arm lite 5.0.0/armtools/bin/../lib/gcc/arm-atollic-eabi/4.7.3/../../../../arm-atollic-eabi/lib/armv7e-m/fpu\libm.a(lib_a-s_nan.o)
 .ARM.attributes
                0x00000886       0x36 f:/programy/truestudio for arm lite 5.0.0/armtools/bin/../lib/gcc/arm-atollic-eabi/4.7.3/../../../../arm-atollic-eabi/lib/armv7e-m/fpu\libm.a(lib_a-s_rint.o)
 .ARM.attributes
                0x000008bc       0x36 f:/programy/truestudio for arm lite 5.0.0/armtools/bin/../lib/gcc/arm-atollic-eabi/4.7.3/../../../../arm-atollic-eabi/lib/armv7e-m/fpu\libm.a(lib_a-s_scalbn.o)
 .ARM.attributes
                0x000008f2       0x36 f:/programy/truestudio for arm lite 5.0.0/armtools/bin/../lib/gcc/arm-atollic-eabi/4.7.3/../../../../arm-atollic-eabi/lib/armv7e-m/fpu\libm.a(lib_a-s_copysign.o)
 .ARM.attributes
                0x00000928       0x36 f:/programy/truestudio for arm lite 5.0.0/armtools/bin/../lib/gcc/arm-atollic-eabi/4.7.3/../../../../arm-atollic-eabi/lib/armv7e-m/fpu\libc_s.a(lib_a-errno.o)
 .ARM.attributes
                0x0000095e       0x24 f:/programy/truestudio for arm lite 5.0.0/armtools/bin/../lib/gcc/arm-atollic-eabi/4.7.3/armv7e-m/fpu\libgcc.a(_arm_addsubdf3.o)
 .ARM.attributes
                0x00000982       0x24 f:/programy/truestudio for arm lite 5.0.0/armtools/bin/../lib/gcc/arm-atollic-eabi/4.7.3/armv7e-m/fpu\libgcc.a(_arm_muldivdf3.o)
 .ARM.attributes
                0x000009a6       0x24 f:/programy/truestudio for arm lite 5.0.0/armtools/bin/../lib/gcc/arm-atollic-eabi/4.7.3/armv7e-m/fpu\libgcc.a(_arm_cmpdf2.o)
 .ARM.attributes
                0x000009ca       0x24 f:/programy/truestudio for arm lite 5.0.0/armtools/bin/../lib/gcc/arm-atollic-eabi/4.7.3/armv7e-m/fpu\libgcc.a(_arm_fixunsdfsi.o)
 .ARM.attributes
                0x000009ee       0x24 f:/programy/truestudio for arm lite 5.0.0/armtools/bin/../lib/gcc/arm-atollic-eabi/4.7.3/armv7e-m/fpu/crtn.o
OUTPUT(STM32F4_Discovery_Demo.elf elf32-littlearm)

.debug_info     0x00000000    0x13296
 .debug_info    0x00000000      0x815 src\usbd_usr.o
 .debug_info    0x00000815      0x384 src\usbd_desc.o
 .debug_info    0x00000b99     0x1138 src\usb_bsp.o
 .debug_info    0x00001cd1      0x608 src\system_stm32f4xx.o
 .debug_info    0x000022d9       0x8b src\startup_stm32f40xx.o
 .debug_info    0x00002364      0xaf3 src\selftest.o
 .debug_info    0x00002e57     0x19cb src\main.o
 .debug_info    0x00004822     0x11ca Utilities\STM32F4-Discovery\stm32f4_discovery_audio_codec.o
 .debug_info    0x000059ec      0x8b7 Utilities\STM32F4-Discovery\stm32f4_discovery.o
 .debug_info    0x000062a3     0x11b5 Libraries\STM32_USB_OTG_Driver\src\usb_dcd.o
 .debug_info    0x00007458     0x277c Libraries\STM32_USB_OTG_Driver\src\usb_core.o
 .debug_info    0x00009bd4     0x1148 Libraries\STM32_USB_Device_Library\Core\src\usbd_req.o
 .debug_info    0x0000ad1c      0xe0d Libraries\STM32_USB_Device_Library\Core\src\usbd_ioreq.o
 .debug_info    0x0000bb29     0x1162 Libraries\STM32_USB_Device_Library\Core\src\usbd_core.o
 .debug_info    0x0000cc8b      0xe18 Libraries\STM32_USB_Device_Library\Class\hid\src\usbd_hid_core.o
 .debug_info    0x0000daa3     0x1e81 Libraries\STM32F4xx_StdPeriph_Driver\src\stm32f4xx_tim.o
 .debug_info    0x0000f924      0x27d Libraries\STM32F4xx_StdPeriph_Driver\src\stm32f4xx_syscfg.o
 .debug_info    0x0000fba1      0xbe2 Libraries\STM32F4xx_StdPeriph_Driver\src\stm32f4xx_spi.o
 .debug_info    0x00010783      0xd78 Libraries\STM32F4xx_StdPeriph_Driver\src\stm32f4xx_rcc.o
 .debug_info    0x000114fb      0x647 Libraries\STM32F4xx_StdPeriph_Driver\src\stm32f4xx_gpio.o
 .debug_info    0x00011b42      0x377 Libraries\STM32F4xx_StdPeriph_Driver\src\stm32f4xx_exti.o
 .debug_info    0x00011eb9      0x7b3 Libraries\STM32F4xx_StdPeriph_Driver\src\stm32f4xx_dma.o
 .debug_info    0x0001266c      0x694 Libraries\STM32F4xx_StdPeriph_Driver\src\stm32f4xx_dac.o
 .debug_info    0x00012d00      0x596 Libraries\STM32F4xx_StdPeriph_Driver\src\misc.o

.debug_abbrev   0x00000000     0x2960
 .debug_abbrev  0x00000000      0x1ca src\usbd_usr.o
 .debug_abbrev  0x000001ca      0x130 src\usbd_desc.o
 .debug_abbrev  0x000002fa      0x1e8 src\usb_bsp.o
 .debug_abbrev  0x000004e2      0x13a src\system_stm32f4xx.o
 .debug_abbrev  0x0000061c       0x12 src\startup_stm32f40xx.o
 .debug_abbrev  0x0000062e      0x1d5 src\selftest.o
 .debug_abbrev  0x00000803      0x30e src\main.o
 .debug_abbrev  0x00000b11      0x25a Utilities\STM32F4-Discovery\stm32f4_discovery_audio_codec.o
 .debug_abbrev  0x00000d6b      0x187 Utilities\STM32F4-Discovery\stm32f4_discovery.o
 .debug_abbrev  0x00000ef2      0x230 Libraries\STM32_USB_OTG_Driver\src\usb_dcd.o
 .debug_abbrev  0x00001122      0x2be Libraries\STM32_USB_OTG_Driver\src\usb_core.o
 .debug_abbrev  0x000013e0      0x27b Libraries\STM32_USB_Device_Library\Core\src\usbd_req.o
 .debug_abbrev  0x0000165b      0x186 Libraries\STM32_USB_Device_Library\Core\src\usbd_ioreq.o
 .debug_abbrev  0x000017e1      0x24c Libraries\STM32_USB_Device_Library\Core\src\usbd_core.o
 .debug_abbrev  0x00001a2d      0x1cd Libraries\STM32_USB_Device_Library\Class\hid\src\usbd_hid_core.o
 .debug_abbrev  0x00001bfa      0x18b Libraries\STM32F4xx_StdPeriph_Driver\src\stm32f4xx_tim.o
 .debug_abbrev  0x00001d85      0x135 Libraries\STM32F4xx_StdPeriph_Driver\src\stm32f4xx_syscfg.o
 .debug_abbrev  0x00001eba      0x16b Libraries\STM32F4xx_StdPeriph_Driver\src\stm32f4xx_spi.o
 .debug_abbrev  0x00002025      0x1e7 Libraries\STM32F4xx_StdPeriph_Driver\src\stm32f4xx_rcc.o
 .debug_abbrev  0x0000220c      0x1a7 Libraries\STM32F4xx_StdPeriph_Driver\src\stm32f4xx_gpio.o
 .debug_abbrev  0x000023b3      0x1a9 Libraries\STM32F4xx_StdPeriph_Driver\src\stm32f4xx_exti.o
 .debug_abbrev  0x0000255c      0x159 Libraries\STM32F4xx_StdPeriph_Driver\src\stm32f4xx_dma.o
 .debug_abbrev  0x000026b5      0x180 Libraries\STM32F4xx_StdPeriph_Driver\src\stm32f4xx_dac.o
 .debug_abbrev  0x00002835      0x12b Libraries\STM32F4xx_StdPeriph_Driver\src\misc.o

.debug_loc      0x00000000     0x57a4
 .debug_loc     0x00000000      0x1b0 src\usbd_usr.o
 .debug_loc     0x000001b0      0x188 src\usbd_desc.o
 .debug_loc     0x00000338       0xe0 src\usb_bsp.o
 .debug_loc     0x00000418       0x9c src\system_stm32f4xx.o
 .debug_loc     0x000004b4      0x1ec src\selftest.o
 .debug_loc     0x000006a0      0x294 src\main.o
 .debug_loc     0x00000934      0x730 Utilities\STM32F4-Discovery\stm32f4_discovery_audio_codec.o
 .debug_loc     0x00001064      0x150 Utilities\STM32F4-Discovery\stm32f4_discovery.o
 .debug_loc     0x000011b4      0x2d8 Libraries\STM32_USB_OTG_Driver\src\usb_dcd.o
 .debug_loc     0x0000148c      0x7e0 Libraries\STM32_USB_OTG_Driver\src\usb_core.o
 .debug_loc     0x00001c6c      0x310 Libraries\STM32_USB_Device_Library\Core\src\usbd_req.o
 .debug_loc     0x00001f7c      0x188 Libraries\STM32_USB_Device_Library\Core\src\usbd_ioreq.o
 .debug_loc     0x00002104      0x310 Libraries\STM32_USB_Device_Library\Core\src\usbd_core.o
 .debug_loc     0x00002414      0x150 Libraries\STM32_USB_Device_Library\Class\hid\src\usbd_hid_core.o
 .debug_loc     0x00002564     0x1420 Libraries\STM32F4xx_StdPeriph_Driver\src\stm32f4xx_tim.o
 .debug_loc     0x00003984      0x144 Libraries\STM32F4xx_StdPeriph_Driver\src\stm32f4xx_syscfg.o
 .debug_loc     0x00003ac8      0x578 Libraries\STM32F4xx_StdPeriph_Driver\src\stm32f4xx_spi.o
 .debug_loc     0x00004040      0x9b4 Libraries\STM32F4xx_StdPeriph_Driver\src\stm32f4xx_rcc.o
 .debug_loc     0x000049f4      0x310 Libraries\STM32F4xx_StdPeriph_Driver\src\stm32f4xx_gpio.o
 .debug_loc     0x00004d04      0x1b4 Libraries\STM32F4xx_StdPeriph_Driver\src\stm32f4xx_exti.o
 .debug_loc     0x00004eb8      0x428 Libraries\STM32F4xx_StdPeriph_Driver\src\stm32f4xx_dma.o
 .debug_loc     0x000052e0      0x3ac Libraries\STM32F4xx_StdPeriph_Driver\src\stm32f4xx_dac.o
 .debug_loc     0x0000568c      0x118 Libraries\STM32F4xx_StdPeriph_Driver\src\misc.o

.debug_aranges  0x00000000      0xf00
 .debug_aranges
                0x00000000       0x60 src\usbd_usr.o
 .debug_aranges
                0x00000060       0x50 src\usbd_desc.o
 .debug_aranges
                0x000000b0       0x38 src\usb_bsp.o
 .debug_aranges
                0x000000e8       0x30 src\system_stm32f4xx.o
 .debug_aranges
                0x00000118       0x28 src\startup_stm32f40xx.o
 .debug_aranges
                0x00000140       0x60 src\selftest.o
 .debug_aranges
                0x000001a0       0x78 src\main.o
 .debug_aranges
                0x00000218      0x130 Utilities\STM32F4-Discovery\stm32f4_discovery_audio_codec.o
 .debug_aranges
                0x00000348       0x48 Utilities\STM32F4-Discovery\stm32f4_discovery.o
 .debug_aranges
                0x00000390       0x80 Libraries\STM32_USB_OTG_Driver\src\usb_dcd.o
 .debug_aranges
                0x00000410      0x138 Libraries\STM32_USB_OTG_Driver\src\usb_core.o
 .debug_aranges
                0x00000548       0x88 Libraries\STM32_USB_Device_Library\Core\src\usbd_req.o
 .debug_aranges
                0x000005d0       0x50 Libraries\STM32_USB_Device_Library\Core\src\usbd_ioreq.o
 .debug_aranges
                0x00000620       0x88 Libraries\STM32_USB_Device_Library\Core\src\usbd_core.o
 .debug_aranges
                0x000006a8       0x48 Libraries\STM32_USB_Device_Library\Class\hid\src\usbd_hid_core.o
 .debug_aranges
                0x000006f0      0x2f8 Libraries\STM32F4xx_StdPeriph_Driver\src\stm32f4xx_tim.o
 .debug_aranges
                0x000009e8       0x48 Libraries\STM32F4xx_StdPeriph_Driver\src\stm32f4xx_syscfg.o
 .debug_aranges
                0x00000a30       0xe0 Libraries\STM32F4xx_StdPeriph_Driver\src\stm32f4xx_spi.o
 .debug_aranges
                0x00000b10      0x180 Libraries\STM32F4xx_StdPeriph_Driver\src\stm32f4xx_rcc.o
 .debug_aranges
                0x00000c90       0x88 Libraries\STM32F4xx_StdPeriph_Driver\src\stm32f4xx_gpio.o
 .debug_aranges
                0x00000d18       0x58 Libraries\STM32F4xx_StdPeriph_Driver\src\stm32f4xx_exti.o
 .debug_aranges
                0x00000d70       0xb0 Libraries\STM32F4xx_StdPeriph_Driver\src\stm32f4xx_dma.o
 .debug_aranges
                0x00000e20       0xa0 Libraries\STM32F4xx_StdPeriph_Driver\src\stm32f4xx_dac.o
 .debug_aranges
                0x00000ec0       0x40 Libraries\STM32F4xx_StdPeriph_Driver\src\misc.o

.debug_ranges   0x00000000      0xd88
 .debug_ranges  0x00000000       0x50 src\usbd_usr.o
 .debug_ranges  0x00000050       0x40 src\usbd_desc.o
 .debug_ranges  0x00000090       0x28 src\usb_bsp.o
 .debug_ranges  0x000000b8       0x20 src\system_stm32f4xx.o
 .debug_ranges  0x000000d8       0x20 src\startup_stm32f40xx.o
 .debug_ranges  0x000000f8       0x50 src\selftest.o
 .debug_ranges  0x00000148       0x68 src\main.o
 .debug_ranges  0x000001b0      0x120 Utilities\STM32F4-Discovery\stm32f4_discovery_audio_codec.o
 .debug_ranges  0x000002d0       0x38 Utilities\STM32F4-Discovery\stm32f4_discovery.o
 .debug_ranges  0x00000308       0x70 Libraries\STM32_USB_OTG_Driver\src\usb_dcd.o
 .debug_ranges  0x00000378      0x128 Libraries\STM32_USB_OTG_Driver\src\usb_core.o
 .debug_ranges  0x000004a0       0x78 Libraries\STM32_USB_Device_Library\Core\src\usbd_req.o
 .debug_ranges  0x00000518       0x40 Libraries\STM32_USB_Device_Library\Core\src\usbd_ioreq.o
 .debug_ranges  0x00000558       0x78 Libraries\STM32_USB_Device_Library\Core\src\usbd_core.o
 .debug_ranges  0x000005d0       0x38 Libraries\STM32_USB_Device_Library\Class\hid\src\usbd_hid_core.o
 .debug_ranges  0x00000608      0x2e8 Libraries\STM32F4xx_StdPeriph_Driver\src\stm32f4xx_tim.o
 .debug_ranges  0x000008f0       0x38 Libraries\STM32F4xx_StdPeriph_Driver\src\stm32f4xx_syscfg.o
 .debug_ranges  0x00000928       0xd0 Libraries\STM32F4xx_StdPeriph_Driver\src\stm32f4xx_spi.o
 .debug_ranges  0x000009f8      0x170 Libraries\STM32F4xx_StdPeriph_Driver\src\stm32f4xx_rcc.o
 .debug_ranges  0x00000b68       0x78 Libraries\STM32F4xx_StdPeriph_Driver\src\stm32f4xx_gpio.o
 .debug_ranges  0x00000be0       0x48 Libraries\STM32F4xx_StdPeriph_Driver\src\stm32f4xx_exti.o
 .debug_ranges  0x00000c28       0xa0 Libraries\STM32F4xx_StdPeriph_Driver\src\stm32f4xx_dma.o
 .debug_ranges  0x00000cc8       0x90 Libraries\STM32F4xx_StdPeriph_Driver\src\stm32f4xx_dac.o
 .debug_ranges  0x00000d58       0x30 Libraries\STM32F4xx_StdPeriph_Driver\src\misc.o

.debug_line     0x00000000     0x51ee
 .debug_line    0x00000000      0x227 src\usbd_usr.o
 .debug_line    0x00000227      0x1b6 src\usbd_desc.o
 .debug_line    0x000003dd      0x24b src\usb_bsp.o
 .debug_line    0x00000628      0x1ae src\system_stm32f4xx.o
 .debug_line    0x000007d6       0x7a src\startup_stm32f40xx.o
 .debug_line    0x00000850      0x4b3 src\selftest.o
 .debug_line    0x00000d03      0x4dc src\main.o
 .debug_line    0x000011df      0x6a5 Utilities\STM32F4-Discovery\stm32f4_discovery_audio_codec.o
 .debug_line    0x00001884      0x235 Utilities\STM32F4-Discovery\stm32f4_discovery.o
 .debug_line    0x00001ab9      0x307 Libraries\STM32_USB_OTG_Driver\src\usb_dcd.o
 .debug_line    0x00001dc0      0x67c Libraries\STM32_USB_OTG_Driver\src\usb_core.o
 .debug_line    0x0000243c      0x3d8 Libraries\STM32_USB_Device_Library\Core\src\usbd_req.o
 .debug_line    0x00002814      0x223 Libraries\STM32_USB_Device_Library\Core\src\usbd_ioreq.o
 .debug_line    0x00002a37      0x329 Libraries\STM32_USB_Device_Library\Core\src\usbd_core.o
 .debug_line    0x00002d60      0x228 Libraries\STM32_USB_Device_Library\Class\hid\src\usbd_hid_core.o
 .debug_line    0x00002f88      0xa11 Libraries\STM32F4xx_StdPeriph_Driver\src\stm32f4xx_tim.o
 .debug_line    0x00003999      0x1be Libraries\STM32F4xx_StdPeriph_Driver\src\stm32f4xx_syscfg.o
 .debug_line    0x00003b57      0x3f4 Libraries\STM32F4xx_StdPeriph_Driver\src\stm32f4xx_spi.o
 .debug_line    0x00003f4b      0x546 Libraries\STM32F4xx_StdPeriph_Driver\src\stm32f4xx_rcc.o
 .debug_line    0x00004491      0x2d7 Libraries\STM32F4xx_StdPeriph_Driver\src\stm32f4xx_gpio.o
 .debug_line    0x00004768      0x23d Libraries\STM32F4xx_StdPeriph_Driver\src\stm32f4xx_exti.o
 .debug_line    0x000049a5      0x374 Libraries\STM32F4xx_StdPeriph_Driver\src\stm32f4xx_dma.o
 .debug_line    0x00004d19      0x2f8 Libraries\STM32F4xx_StdPeriph_Driver\src\stm32f4xx_dac.o
 .debug_line    0x00005011      0x1dd Libraries\STM32F4xx_StdPeriph_Driver\src\misc.o

.debug_str      0x00000000     0x5187
 .debug_str     0x00000000      0x7f7 src\usbd_usr.o
                                0x8a4 (size before relaxing)
 .debug_str     0x000007f7      0x208 src\usbd_desc.o
                                0x353 (size before relaxing)
 .debug_str     0x000009ff      0x847 src\usb_bsp.o
                               0x10a3 (size before relaxing)
 .debug_str     0x00001246      0x16f src\system_stm32f4xx.o
                                0x373 (size before relaxing)
 .debug_str     0x000013b5      0x515 src\selftest.o
                                0x8a7 (size before relaxing)
 .debug_str     0x000018ca      0x36a src\main.o
                               0x13e6 (size before relaxing)
 .debug_str     0x00001c34      0x66a Utilities\STM32F4-Discovery\stm32f4_discovery_audio_codec.o
                               0x104b (size before relaxing)
 .debug_str     0x0000229e      0x15b Utilities\STM32F4-Discovery\stm32f4_discovery.o
                                0xb01 (size before relaxing)
 .debug_str     0x000023f9      0x203 Libraries\STM32_USB_OTG_Driver\src\usb_dcd.o
                                0xb29 (size before relaxing)
 .debug_str     0x000025fc      0xacb Libraries\STM32_USB_OTG_Driver\src\usb_core.o
                               0x1661 (size before relaxing)
 .debug_str     0x000030c7      0x194 Libraries\STM32_USB_Device_Library\Core\src\usbd_req.o
                                0xb0e (size before relaxing)
 .debug_str     0x0000325b       0xc4 Libraries\STM32_USB_Device_Library\Core\src\usbd_ioreq.o
                                0x9be (size before relaxing)
 .debug_str     0x0000331f      0x16a Libraries\STM32_USB_Device_Library\Core\src\usbd_core.o
                                0xb82 (size before relaxing)
 .debug_str     0x00003489      0x104 Libraries\STM32_USB_Device_Library\Class\hid\src\usbd_hid_core.o
                                0xa13 (size before relaxing)
 .debug_str     0x0000358d      0xa8c Libraries\STM32F4xx_StdPeriph_Driver\src\stm32f4xx_tim.o
                                0xdb1 (size before relaxing)
 .debug_str     0x00004019      0x156 Libraries\STM32F4xx_StdPeriph_Driver\src\stm32f4xx_syscfg.o
                                0x2e0 (size before relaxing)
 .debug_str     0x0000416f      0x32c Libraries\STM32F4xx_StdPeriph_Driver\src\stm32f4xx_spi.o
                                0x66b (size before relaxing)
 .debug_str     0x0000449b      0x528 Libraries\STM32F4xx_StdPeriph_Driver\src\stm32f4xx_rcc.o
                                0x85a (size before relaxing)
 .debug_str     0x000049c3      0x163 Libraries\STM32F4xx_StdPeriph_Driver\src\stm32f4xx_gpio.o
                                0x484 (size before relaxing)
 .debug_str     0x00004b26       0xf3 Libraries\STM32F4xx_StdPeriph_Driver\src\stm32f4xx_exti.o
                                0x34f (size before relaxing)
 .debug_str     0x00004c19      0x254 Libraries\STM32F4xx_StdPeriph_Driver\src\stm32f4xx_dma.o
                                0x52d (size before relaxing)
 .debug_str     0x00004e6d      0x214 Libraries\STM32F4xx_StdPeriph_Driver\src\stm32f4xx_dac.o
                                0x434 (size before relaxing)
 .debug_str     0x00005081      0x106 Libraries\STM32F4xx_StdPeriph_Driver\src\misc.o
                                0x3ba (size before relaxing)

.comment        0x00000000       0x83
 .comment       0x00000000       0x83 src\usbd_usr.o
                                 0x84 (size before relaxing)
 .comment       0x00000000       0x84 src\usbd_desc.o
 .comment       0x00000000       0x84 src\usb_bsp.o
 .comment       0x00000000       0x84 src\system_stm32f4xx.o
 .comment       0x00000000       0x84 src\selftest.o
 .comment       0x00000000       0x84 src\main.o
 .comment       0x00000000       0x84 Utilities\STM32F4-Discovery\stm32f4_discovery_audio_codec.o
 .comment       0x00000000       0x84 Utilities\STM32F4-Discovery\stm32f4_discovery.o
 .comment       0x00000000       0x84 Libraries\STM32_USB_OTG_Driver\src\usb_dcd.o
 .comment       0x00000000       0x84 Libraries\STM32_USB_OTG_Driver\src\usb_core.o
 .comment       0x00000000       0x84 Libraries\STM32_USB_Device_Library\Core\src\usbd_req.o
 .comment       0x00000000       0x84 Libraries\STM32_USB_Device_Library\Core\src\usbd_ioreq.o
 .comment       0x00000000       0x84 Libraries\STM32_USB_Device_Library\Core\src\usbd_core.o
 .comment       0x00000000       0x84 Libraries\STM32_USB_Device_Library\Class\hid\src\usbd_hid_core.o
 .comment       0x00000000       0x84 Libraries\STM32F4xx_StdPeriph_Driver\src\stm32f4xx_tim.o
 .comment       0x00000000       0x84 Libraries\STM32F4xx_StdPeriph_Driver\src\stm32f4xx_syscfg.o
 .comment       0x00000000       0x84 Libraries\STM32F4xx_StdPeriph_Driver\src\stm32f4xx_spi.o
 .comment       0x00000000       0x84 Libraries\STM32F4xx_StdPeriph_Driver\src\stm32f4xx_rcc.o
 .comment       0x00000000       0x84 Libraries\STM32F4xx_StdPeriph_Driver\src\stm32f4xx_gpio.o
 .comment       0x00000000       0x84 Libraries\STM32F4xx_StdPeriph_Driver\src\stm32f4xx_exti.o
 .comment       0x00000000       0x84 Libraries\STM32F4xx_StdPeriph_Driver\src\stm32f4xx_dma.o
 .comment       0x00000000       0x84 Libraries\STM32F4xx_StdPeriph_Driver\src\stm32f4xx_dac.o
 .comment       0x00000000       0x84 Libraries\STM32F4xx_StdPeriph_Driver\src\misc.o

.debug_frame    0x00000000     0x3200
 .debug_frame   0x00000000       0xfc src\usbd_usr.o
 .debug_frame   0x000000fc       0xe8 src\usbd_desc.o
 .debug_frame   0x000001e4       0x8c src\usb_bsp.o
 .debug_frame   0x00000270       0x64 src\system_stm32f4xx.o
 .debug_frame   0x000002d4      0x118 src\selftest.o
 .debug_frame   0x000003ec      0x194 src\main.o
 .debug_frame   0x00000580      0x438 Utilities\STM32F4-Discovery\stm32f4_discovery_audio_codec.o
 .debug_frame   0x000009b8       0xc4 Utilities\STM32F4-Discovery\stm32f4_discovery.o
 .debug_frame   0x00000a7c      0x1ac Libraries\STM32_USB_OTG_Driver\src\usb_dcd.o
 .debug_frame   0x00000c28      0x434 Libraries\STM32_USB_OTG_Driver\src\usb_core.o
 .debug_frame   0x0000105c      0x1c8 Libraries\STM32_USB_Device_Library\Core\src\usbd_req.o
 .debug_frame   0x00001224       0xec Libraries\STM32_USB_Device_Library\Core\src\usbd_ioreq.o
 .debug_frame   0x00001310      0x1c8 Libraries\STM32_USB_Device_Library\Core\src\usbd_core.o
 .debug_frame   0x000014d8       0xcc Libraries\STM32_USB_Device_Library\Class\hid\src\usbd_hid_core.o
 .debug_frame   0x000015a4      0xa3c Libraries\STM32F4xx_StdPeriph_Driver\src\stm32f4xx_tim.o
 .debug_frame   0x00001fe0       0xbc Libraries\STM32F4xx_StdPeriph_Driver\src\stm32f4xx_syscfg.o
 .debug_frame   0x0000209c      0x2d0 Libraries\STM32F4xx_StdPeriph_Driver\src\stm32f4xx_spi.o
 .debug_frame   0x0000236c      0x4f4 Libraries\STM32F4xx_StdPeriph_Driver\src\stm32f4xx_rcc.o
 .debug_frame   0x00002860      0x19c Libraries\STM32F4xx_StdPeriph_Driver\src\stm32f4xx_gpio.o
 .debug_frame   0x000029fc       0xec Libraries\STM32F4xx_StdPeriph_Driver\src\stm32f4xx_exti.o
 .debug_frame   0x00002ae8      0x224 Libraries\STM32F4xx_StdPeriph_Driver\src\stm32f4xx_dma.o
 .debug_frame   0x00002d0c      0x1ec Libraries\STM32F4xx_StdPeriph_Driver\src\stm32f4xx_dac.o
 .debug_frame   0x00002ef8       0x9c Libraries\STM32F4xx_StdPeriph_Driver\src\misc.o
 .debug_frame   0x00002f94       0x2c f:/programy/truestudio for arm lite 5.0.0/armtools/bin/../lib/gcc/arm-atollic-eabi/4.7.3/../../../../arm-atollic-eabi/lib/armv7e-m/fpu\libc_s.a(lib_a-init.o)
 .debug_frame   0x00002fc0       0x28 f:/programy/truestudio for arm lite 5.0.0/armtools/bin/../lib/gcc/arm-atollic-eabi/4.7.3/../../../../arm-atollic-eabi/lib/armv7e-m/fpu\libc_s.a(lib_a-strcat.o)
 .debug_frame   0x00002fe8       0x20 f:/programy/truestudio for arm lite 5.0.0/armtools/bin/../lib/gcc/arm-atollic-eabi/4.7.3/../../../../arm-atollic-eabi/lib/armv7e-m/fpu\libc_s.a(lib_a-strlen.o)
 .debug_frame   0x00003008       0x3c f:/programy/truestudio for arm lite 5.0.0/armtools/bin/../lib/gcc/arm-atollic-eabi/4.7.3/../../../../arm-atollic-eabi/lib/armv7e-m/fpu\libm.a(lib_a-w_pow.o)
 .debug_frame   0x00003044       0x38 f:/programy/truestudio for arm lite 5.0.0/armtools/bin/../lib/gcc/arm-atollic-eabi/4.7.3/../../../../arm-atollic-eabi/lib/armv7e-m/fpu\libm.a(lib_a-e_pow.o)
 .debug_frame   0x0000307c       0x34 f:/programy/truestudio for arm lite 5.0.0/armtools/bin/../lib/gcc/arm-atollic-eabi/4.7.3/../../../../arm-atollic-eabi/lib/armv7e-m/fpu\libm.a(lib_a-e_sqrt.o)
 .debug_frame   0x000030b0       0x20 f:/programy/truestudio for arm lite 5.0.0/armtools/bin/../lib/gcc/arm-atollic-eabi/4.7.3/../../../../arm-atollic-eabi/lib/armv7e-m/fpu\libm.a(lib_a-s_fabs.o)
 .debug_frame   0x000030d0       0x20 f:/programy/truestudio for arm lite 5.0.0/armtools/bin/../lib/gcc/arm-atollic-eabi/4.7.3/../../../../arm-atollic-eabi/lib/armv7e-m/fpu\libm.a(lib_a-s_finite.o)
 .debug_frame   0x000030f0       0x20 f:/programy/truestudio for arm lite 5.0.0/armtools/bin/../lib/gcc/arm-atollic-eabi/4.7.3/../../../../arm-atollic-eabi/lib/armv7e-m/fpu\libm.a(lib_a-s_fpclassify.o)
 .debug_frame   0x00003110       0x20 f:/programy/truestudio for arm lite 5.0.0/armtools/bin/../lib/gcc/arm-atollic-eabi/4.7.3/../../../../arm-atollic-eabi/lib/armv7e-m/fpu\libm.a(lib_a-s_matherr.o)
 .debug_frame   0x00003130       0x20 f:/programy/truestudio for arm lite 5.0.0/armtools/bin/../lib/gcc/arm-atollic-eabi/4.7.3/../../../../arm-atollic-eabi/lib/armv7e-m/fpu\libm.a(lib_a-s_nan.o)
 .debug_frame   0x00003150       0x34 f:/programy/truestudio for arm lite 5.0.0/armtools/bin/../lib/gcc/arm-atollic-eabi/4.7.3/../../../../arm-atollic-eabi/lib/armv7e-m/fpu\libm.a(lib_a-s_rint.o)
 .debug_frame   0x00003184       0x30 f:/programy/truestudio for arm lite 5.0.0/armtools/bin/../lib/gcc/arm-atollic-eabi/4.7.3/../../../../arm-atollic-eabi/lib/armv7e-m/fpu\libm.a(lib_a-s_scalbn.o)
 .debug_frame   0x000031b4       0x2c f:/programy/truestudio for arm lite 5.0.0/armtools/bin/../lib/gcc/arm-atollic-eabi/4.7.3/../../../../arm-atollic-eabi/lib/armv7e-m/fpu\libm.a(lib_a-s_copysign.o)
 .debug_frame   0x000031e0       0x20 f:/programy/truestudio for arm lite 5.0.0/armtools/bin/../lib/gcc/arm-atollic-eabi/4.7.3/../../../../arm-atollic-eabi/lib/armv7e-m/fpu\libc_s.a(lib_a-errno.o)

Cross Reference Table

Symbol                                            File
ADC_AnalogWatchdogCmd                             Libraries\STM32F4xx_StdPeriph_Driver\src\stm32f4xx_adc.o
ADC_AnalogWatchdogSingleChannelConfig             Libraries\STM32F4xx_StdPeriph_Driver\src\stm32f4xx_adc.o
ADC_AnalogWatchdogThresholdsConfig                Libraries\STM32F4xx_StdPeriph_Driver\src\stm32f4xx_adc.o
ADC_AutoInjectedConvCmd                           Libraries\STM32F4xx_StdPeriph_Driver\src\stm32f4xx_adc.o
ADC_Channel                                       src\selftest.o
ADC_ClearFlag                                     Libraries\STM32F4xx_StdPeriph_Driver\src\stm32f4xx_adc.o
ADC_ClearITPendingBit                             Libraries\STM32F4xx_StdPeriph_Driver\src\stm32f4xx_adc.o
ADC_Cmd                                           Libraries\STM32F4xx_StdPeriph_Driver\src\stm32f4xx_adc.o
                                                  src\selftest.o
ADC_CommonInit                                    Libraries\STM32F4xx_StdPeriph_Driver\src\stm32f4xx_adc.o
                                                  src\selftest.o
ADC_CommonInitStructure                           src\selftest.o
ADC_CommonStructInit                              Libraries\STM32F4xx_StdPeriph_Driver\src\stm32f4xx_adc.o
ADC_ContinuousModeCmd                             Libraries\STM32F4xx_StdPeriph_Driver\src\stm32f4xx_adc.o
ADC_DMACmd                                        Libraries\STM32F4xx_StdPeriph_Driver\src\stm32f4xx_adc.o
ADC_DMARequestAfterLastTransferCmd                Libraries\STM32F4xx_StdPeriph_Driver\src\stm32f4xx_adc.o
ADC_DeInit                                        Libraries\STM32F4xx_StdPeriph_Driver\src\stm32f4xx_adc.o
ADC_DiscModeChannelCountConfig                    Libraries\STM32F4xx_StdPeriph_Driver\src\stm32f4xx_adc.o
ADC_DiscModeCmd                                   Libraries\STM32F4xx_StdPeriph_Driver\src\stm32f4xx_adc.o
ADC_EOCOnEachRegularChannelCmd                    Libraries\STM32F4xx_StdPeriph_Driver\src\stm32f4xx_adc.o
ADC_ExternalTrigInjectedConvConfig                Libraries\STM32F4xx_StdPeriph_Driver\src\stm32f4xx_adc.o
ADC_ExternalTrigInjectedConvEdgeConfig            Libraries\STM32F4xx_StdPeriph_Driver\src\stm32f4xx_adc.o
ADC_GetConversionValue                            Libraries\STM32F4xx_StdPeriph_Driver\src\stm32f4xx_adc.o
                                                  src\selftest.o
ADC_GetFlagStatus                                 Libraries\STM32F4xx_StdPeriph_Driver\src\stm32f4xx_adc.o
                                                  src\selftest.o
ADC_GetITStatus                                   Libraries\STM32F4xx_StdPeriph_Driver\src\stm32f4xx_adc.o
ADC_GetInjectedConversionValue                    Libraries\STM32F4xx_StdPeriph_Driver\src\stm32f4xx_adc.o
ADC_GetMultiModeConversionValue                   Libraries\STM32F4xx_StdPeriph_Driver\src\stm32f4xx_adc.o
ADC_GetSoftwareStartConvStatus                    Libraries\STM32F4xx_StdPeriph_Driver\src\stm32f4xx_adc.o
ADC_GetSoftwareStartInjectedConvCmdStatus         Libraries\STM32F4xx_StdPeriph_Driver\src\stm32f4xx_adc.o
ADC_IRQHandler                                    src\startup_stm32f40xx.o
ADC_ITConfig                                      Libraries\STM32F4xx_StdPeriph_Driver\src\stm32f4xx_adc.o
ADC_Init                                          Libraries\STM32F4xx_StdPeriph_Driver\src\stm32f4xx_adc.o
                                                  src\selftest.o
ADC_InitStructure                                 src\selftest.o
ADC_InjectedChannelConfig                         Libraries\STM32F4xx_StdPeriph_Driver\src\stm32f4xx_adc.o
ADC_InjectedDiscModeCmd                           Libraries\STM32F4xx_StdPeriph_Driver\src\stm32f4xx_adc.o
ADC_InjectedSequencerLengthConfig                 Libraries\STM32F4xx_StdPeriph_Driver\src\stm32f4xx_adc.o
ADC_MultiModeDMARequestAfterLastTransferCmd       Libraries\STM32F4xx_StdPeriph_Driver\src\stm32f4xx_adc.o
ADC_RegularChannelConfig                          Libraries\STM32F4xx_StdPeriph_Driver\src\stm32f4xx_adc.o
                                                  src\selftest.o
ADC_SetInjectedOffset                             Libraries\STM32F4xx_StdPeriph_Driver\src\stm32f4xx_adc.o
ADC_SoftwareStartConv                             Libraries\STM32F4xx_StdPeriph_Driver\src\stm32f4xx_adc.o
                                                  src\selftest.o
ADC_SoftwareStartInjectedConv                     Libraries\STM32F4xx_StdPeriph_Driver\src\stm32f4xx_adc.o
ADC_StructInit                                    Libraries\STM32F4xx_StdPeriph_Driver\src\stm32f4xx_adc.o
                                                  src\selftest.o
ADC_TempSensorVrefintCmd                          Libraries\STM32F4xx_StdPeriph_Driver\src\stm32f4xx_adc.o
ADC_VBATCmd                                       Libraries\STM32F4xx_StdPeriph_Driver\src\stm32f4xx_adc.o
AHBPrescTable                                     src\system_stm32f4xx.o
AUDIO_MAL_DMA_CHANNEL                             Utilities\STM32F4-Discovery\stm32f4_discovery_audio_codec.o
AUDIO_MAL_DMA_CLOCK                               Utilities\STM32F4-Discovery\stm32f4_discovery_audio_codec.o
AUDIO_MAL_DMA_DREG                                Utilities\STM32F4-Discovery\stm32f4_discovery_audio_codec.o
AUDIO_MAL_DMA_FLAG_DME                            Utilities\STM32F4-Discovery\stm32f4_discovery_audio_codec.o
AUDIO_MAL_DMA_FLAG_FE                             Utilities\STM32F4-Discovery\stm32f4_discovery_audio_codec.o
AUDIO_MAL_DMA_FLAG_HT                             Utilities\STM32F4-Discovery\stm32f4_discovery_audio_codec.o
AUDIO_MAL_DMA_FLAG_TC                             Utilities\STM32F4-Discovery\stm32f4_discovery_audio_codec.o
AUDIO_MAL_DMA_FLAG_TE                             Utilities\STM32F4-Discovery\stm32f4_discovery_audio_codec.o
AUDIO_MAL_DMA_IRQ                                 Utilities\STM32F4-Discovery\stm32f4_discovery_audio_codec.o
AUDIO_MAL_DMA_InitStructure                       Utilities\STM32F4-Discovery\stm32f4_discovery_audio_codec.o
AUDIO_MAL_DMA_STREAM                              Utilities\STM32F4-Discovery\stm32f4_discovery_audio_codec.o
Accelerometer_MEMS_Test                           src\selftest.o
AudioRemSize                                      Utilities\STM32F4-Discovery\stm32f4_discovery_audio_codec.o
AudioTotalSize                                    Utilities\STM32F4-Discovery\stm32f4_discovery_audio_codec.o
Audio_MAL_Play                                    Utilities\STM32F4-Discovery\stm32f4_discovery_audio_codec.o
Audio_Test                                        src\selftest.o
BUTTON_CLK                                        Utilities\STM32F4-Discovery\stm32f4_discovery.o
BUTTON_EXTI_LINE                                  Utilities\STM32F4-Discovery\stm32f4_discovery.o
BUTTON_IRQn                                       Utilities\STM32F4-Discovery\stm32f4_discovery.o
BUTTON_PIN                                        Utilities\STM32F4-Discovery\stm32f4_discovery.o
BUTTON_PIN_SOURCE                                 Utilities\STM32F4-Discovery\stm32f4_discovery.o
BUTTON_PORT                                       Utilities\STM32F4-Discovery\stm32f4_discovery.o
BUTTON_PORT_SOURCE                                Utilities\STM32F4-Discovery\stm32f4_discovery.o
Buffer                                            src\selftest.o
BusFault_Handler                                  src\startup_stm32f40xx.o
CAN1_RX0_IRQHandler                               src\startup_stm32f40xx.o
CAN1_RX1_IRQHandler                               src\startup_stm32f40xx.o
CAN1_SCE_IRQHandler                               src\startup_stm32f40xx.o
CAN1_TX_IRQHandler                                src\startup_stm32f40xx.o
CAN2_RX0_IRQHandler                               src\startup_stm32f40xx.o
CAN2_RX1_IRQHandler                               src\startup_stm32f40xx.o
CAN2_SCE_IRQHandler                               src\startup_stm32f40xx.o
CAN2_TX_IRQHandler                                src\startup_stm32f40xx.o
CAN_CancelTransmit                                Libraries\STM32F4xx_StdPeriph_Driver\src\stm32f4xx_can.o
CAN_ClearFlag                                     Libraries\STM32F4xx_StdPeriph_Driver\src\stm32f4xx_can.o
CAN_ClearITPendingBit                             Libraries\STM32F4xx_StdPeriph_Driver\src\stm32f4xx_can.o
CAN_DBGFreeze                                     Libraries\STM32F4xx_StdPeriph_Driver\src\stm32f4xx_can.o
CAN_DeInit                                        Libraries\STM32F4xx_StdPeriph_Driver\src\stm32f4xx_can.o
CAN_FIFORelease                                   Libraries\STM32F4xx_StdPeriph_Driver\src\stm32f4xx_can.o
CAN_FilterInit                                    Libraries\STM32F4xx_StdPeriph_Driver\src\stm32f4xx_can.o
CAN_GetFlagStatus                                 Libraries\STM32F4xx_StdPeriph_Driver\src\stm32f4xx_can.o
CAN_GetITStatus                                   Libraries\STM32F4xx_StdPeriph_Driver\src\stm32f4xx_can.o
CAN_GetLSBTransmitErrorCounter                    Libraries\STM32F4xx_StdPeriph_Driver\src\stm32f4xx_can.o
CAN_GetLastErrorCode                              Libraries\STM32F4xx_StdPeriph_Driver\src\stm32f4xx_can.o
CAN_GetReceiveErrorCounter                        Libraries\STM32F4xx_StdPeriph_Driver\src\stm32f4xx_can.o
CAN_ITConfig                                      Libraries\STM32F4xx_StdPeriph_Driver\src\stm32f4xx_can.o
CAN_Init                                          Libraries\STM32F4xx_StdPeriph_Driver\src\stm32f4xx_can.o
CAN_MessagePending                                Libraries\STM32F4xx_StdPeriph_Driver\src\stm32f4xx_can.o
CAN_OperatingModeRequest                          Libraries\STM32F4xx_StdPeriph_Driver\src\stm32f4xx_can.o
CAN_Receive                                       Libraries\STM32F4xx_StdPeriph_Driver\src\stm32f4xx_can.o
CAN_SlaveStartBank                                Libraries\STM32F4xx_StdPeriph_Driver\src\stm32f4xx_can.o
CAN_Sleep                                         Libraries\STM32F4xx_StdPeriph_Driver\src\stm32f4xx_can.o
CAN_StructInit                                    Libraries\STM32F4xx_StdPeriph_Driver\src\stm32f4xx_can.o
CAN_TTComModeCmd                                  Libraries\STM32F4xx_StdPeriph_Driver\src\stm32f4xx_can.o
CAN_Transmit                                      Libraries\STM32F4xx_StdPeriph_Driver\src\stm32f4xx_can.o
CAN_TransmitStatus                                Libraries\STM32F4xx_StdPeriph_Driver\src\stm32f4xx_can.o
CAN_WakeUp                                        Libraries\STM32F4xx_StdPeriph_Driver\src\stm32f4xx_can.o
CODECTimeout                                      Utilities\STM32F4-Discovery\stm32f4_discovery_audio_codec.o
CRC_CalcBlockCRC                                  Libraries\STM32F4xx_StdPeriph_Driver\src\stm32f4xx_crc.o
CRC_CalcCRC                                       Libraries\STM32F4xx_StdPeriph_Driver\src\stm32f4xx_crc.o
CRC_GetCRC                                        Libraries\STM32F4xx_StdPeriph_Driver\src\stm32f4xx_crc.o
CRC_GetIDRegister                                 Libraries\STM32F4xx_StdPeriph_Driver\src\stm32f4xx_crc.o
CRC_ResetDR                                       Libraries\STM32F4xx_StdPeriph_Driver\src\stm32f4xx_crc.o
CRC_SetIDRegister                                 Libraries\STM32F4xx_StdPeriph_Driver\src\stm32f4xx_crc.o
CRYP_AES_CBC                                      Libraries\STM32F4xx_StdPeriph_Driver\src\stm32f4xx_cryp_aes.o
CRYP_AES_CCM                                      Libraries\STM32F4xx_StdPeriph_Driver\src\stm32f4xx_cryp_aes.o
CRYP_AES_CTR                                      Libraries\STM32F4xx_StdPeriph_Driver\src\stm32f4xx_cryp_aes.o
CRYP_AES_ECB                                      Libraries\STM32F4xx_StdPeriph_Driver\src\stm32f4xx_cryp_aes.o
CRYP_AES_GCM                                      Libraries\STM32F4xx_StdPeriph_Driver\src\stm32f4xx_cryp_aes.o
CRYP_Cmd                                          Libraries\STM32F4xx_StdPeriph_Driver\src\stm32f4xx_cryp.o
                                                  Libraries\STM32F4xx_StdPeriph_Driver\src\stm32f4xx_cryp_aes.o
                                                  Libraries\STM32F4xx_StdPeriph_Driver\src\stm32f4xx_cryp_des.o
                                                  Libraries\STM32F4xx_StdPeriph_Driver\src\stm32f4xx_cryp_tdes.o
CRYP_DES_CBC                                      Libraries\STM32F4xx_StdPeriph_Driver\src\stm32f4xx_cryp_des.o
CRYP_DES_ECB                                      Libraries\STM32F4xx_StdPeriph_Driver\src\stm32f4xx_cryp_des.o
CRYP_DMACmd                                       Libraries\STM32F4xx_StdPeriph_Driver\src\stm32f4xx_cryp.o
CRYP_DataIn                                       Libraries\STM32F4xx_StdPeriph_Driver\src\stm32f4xx_cryp.o
                                                  Libraries\STM32F4xx_StdPeriph_Driver\src\stm32f4xx_cryp_aes.o
                                                  Libraries\STM32F4xx_StdPeriph_Driver\src\stm32f4xx_cryp_des.o
                                                  Libraries\STM32F4xx_StdPeriph_Driver\src\stm32f4xx_cryp_tdes.o
CRYP_DataOut                                      Libraries\STM32F4xx_StdPeriph_Driver\src\stm32f4xx_cryp.o
                                                  Libraries\STM32F4xx_StdPeriph_Driver\src\stm32f4xx_cryp_aes.o
                                                  Libraries\STM32F4xx_StdPeriph_Driver\src\stm32f4xx_cryp_des.o
                                                  Libraries\STM32F4xx_StdPeriph_Driver\src\stm32f4xx_cryp_tdes.o
CRYP_DeInit                                       Libraries\STM32F4xx_StdPeriph_Driver\src\stm32f4xx_cryp.o
CRYP_FIFOFlush                                    Libraries\STM32F4xx_StdPeriph_Driver\src\stm32f4xx_cryp.o
                                                  Libraries\STM32F4xx_StdPeriph_Driver\src\stm32f4xx_cryp_aes.o
                                                  Libraries\STM32F4xx_StdPeriph_Driver\src\stm32f4xx_cryp_des.o
                                                  Libraries\STM32F4xx_StdPeriph_Driver\src\stm32f4xx_cryp_tdes.o
CRYP_GetCmdStatus                                 Libraries\STM32F4xx_StdPeriph_Driver\src\stm32f4xx_cryp.o
                                                  Libraries\STM32F4xx_StdPeriph_Driver\src\stm32f4xx_cryp_aes.o
                                                  Libraries\STM32F4xx_StdPeriph_Driver\src\stm32f4xx_cryp_des.o
                                                  Libraries\STM32F4xx_StdPeriph_Driver\src\stm32f4xx_cryp_tdes.o
CRYP_GetFlagStatus                                Libraries\STM32F4xx_StdPeriph_Driver\src\stm32f4xx_cryp.o
                                                  Libraries\STM32F4xx_StdPeriph_Driver\src\stm32f4xx_cryp_aes.o
                                                  Libraries\STM32F4xx_StdPeriph_Driver\src\stm32f4xx_cryp_des.o
                                                  Libraries\STM32F4xx_StdPeriph_Driver\src\stm32f4xx_cryp_tdes.o
CRYP_GetITStatus                                  Libraries\STM32F4xx_StdPeriph_Driver\src\stm32f4xx_cryp.o
CRYP_IRQHandler                                   src\startup_stm32f40xx.o
CRYP_ITConfig                                     Libraries\STM32F4xx_StdPeriph_Driver\src\stm32f4xx_cryp.o
CRYP_IVInit                                       Libraries\STM32F4xx_StdPeriph_Driver\src\stm32f4xx_cryp.o
                                                  Libraries\STM32F4xx_StdPeriph_Driver\src\stm32f4xx_cryp_aes.o
                                                  Libraries\STM32F4xx_StdPeriph_Driver\src\stm32f4xx_cryp_des.o
                                                  Libraries\STM32F4xx_StdPeriph_Driver\src\stm32f4xx_cryp_tdes.o
CRYP_IVStructInit                                 Libraries\STM32F4xx_StdPeriph_Driver\src\stm32f4xx_cryp.o
CRYP_Init                                         Libraries\STM32F4xx_StdPeriph_Driver\src\stm32f4xx_cryp.o
                                                  Libraries\STM32F4xx_StdPeriph_Driver\src\stm32f4xx_cryp_aes.o
                                                  Libraries\STM32F4xx_StdPeriph_Driver\src\stm32f4xx_cryp_des.o
                                                  Libraries\STM32F4xx_StdPeriph_Driver\src\stm32f4xx_cryp_tdes.o
CRYP_KeyInit                                      Libraries\STM32F4xx_StdPeriph_Driver\src\stm32f4xx_cryp.o
                                                  Libraries\STM32F4xx_StdPeriph_Driver\src\stm32f4xx_cryp_aes.o
                                                  Libraries\STM32F4xx_StdPeriph_Driver\src\stm32f4xx_cryp_des.o
                                                  Libraries\STM32F4xx_StdPeriph_Driver\src\stm32f4xx_cryp_tdes.o
CRYP_KeyStructInit                                Libraries\STM32F4xx_StdPeriph_Driver\src\stm32f4xx_cryp.o
                                                  Libraries\STM32F4xx_StdPeriph_Driver\src\stm32f4xx_cryp_aes.o
                                                  Libraries\STM32F4xx_StdPeriph_Driver\src\stm32f4xx_cryp_des.o
                                                  Libraries\STM32F4xx_StdPeriph_Driver\src\stm32f4xx_cryp_tdes.o
CRYP_PhaseConfig                                  Libraries\STM32F4xx_StdPeriph_Driver\src\stm32f4xx_cryp.o
                                                  Libraries\STM32F4xx_StdPeriph_Driver\src\stm32f4xx_cryp_aes.o
CRYP_RestoreContext                               Libraries\STM32F4xx_StdPeriph_Driver\src\stm32f4xx_cryp.o
CRYP_SaveContext                                  Libraries\STM32F4xx_StdPeriph_Driver\src\stm32f4xx_cryp.o